Archive member included to satisfy reference by file (symbol)

/Applications/STM32CubeIDE.app/Contents/Eclipse/plugins/com.st.stm32cube.ide.mcu.externaltools.gnu-tools-for-stm32.9-2020-q2-update.macos64_1.5.0.202011040924/tools/bin/../lib/gcc/arm-none-eabi/9.3.1/../../../../arm-none-eabi/lib/thumb/v7e-m+fp/hard/libc_nano.a(lib_a-errno.o)
                              Core/Src/syscalls.o (__errno)
/Applications/STM32CubeIDE.app/Contents/Eclipse/plugins/com.st.stm32cube.ide.mcu.externaltools.gnu-tools-for-stm32.9-2020-q2-update.macos64_1.5.0.202011040924/tools/bin/../lib/gcc/arm-none-eabi/9.3.1/../../../../arm-none-eabi/lib/thumb/v7e-m+fp/hard/libc_nano.a(lib_a-exit.o)
                              /Applications/STM32CubeIDE.app/Contents/Eclipse/plugins/com.st.stm32cube.ide.mcu.externaltools.gnu-tools-for-stm32.9-2020-q2-update.macos64_1.5.0.202011040924/tools/bin/../lib/gcc/arm-none-eabi/9.3.1/../../../../arm-none-eabi/lib/thumb/v7e-m+fp/hard/crt0.o (exit)
/Applications/STM32CubeIDE.app/Contents/Eclipse/plugins/com.st.stm32cube.ide.mcu.externaltools.gnu-tools-for-stm32.9-2020-q2-update.macos64_1.5.0.202011040924/tools/bin/../lib/gcc/arm-none-eabi/9.3.1/../../../../arm-none-eabi/lib/thumb/v7e-m+fp/hard/libc_nano.a(lib_a-impure.o)
                              /Applications/STM32CubeIDE.app/Contents/Eclipse/plugins/com.st.stm32cube.ide.mcu.externaltools.gnu-tools-for-stm32.9-2020-q2-update.macos64_1.5.0.202011040924/tools/bin/../lib/gcc/arm-none-eabi/9.3.1/../../../../arm-none-eabi/lib/thumb/v7e-m+fp/hard/libc_nano.a(lib_a-exit.o) (_global_impure_ptr)
/Applications/STM32CubeIDE.app/Contents/Eclipse/plugins/com.st.stm32cube.ide.mcu.externaltools.gnu-tools-for-stm32.9-2020-q2-update.macos64_1.5.0.202011040924/tools/bin/../lib/gcc/arm-none-eabi/9.3.1/../../../../arm-none-eabi/lib/thumb/v7e-m+fp/hard/libc_nano.a(lib_a-init.o)
                              /Applications/STM32CubeIDE.app/Contents/Eclipse/plugins/com.st.stm32cube.ide.mcu.externaltools.gnu-tools-for-stm32.9-2020-q2-update.macos64_1.5.0.202011040924/tools/bin/../lib/gcc/arm-none-eabi/9.3.1/../../../../arm-none-eabi/lib/thumb/v7e-m+fp/hard/crt0.o (__libc_init_array)
/Applications/STM32CubeIDE.app/Contents/Eclipse/plugins/com.st.stm32cube.ide.mcu.externaltools.gnu-tools-for-stm32.9-2020-q2-update.macos64_1.5.0.202011040924/tools/bin/../lib/gcc/arm-none-eabi/9.3.1/../../../../arm-none-eabi/lib/thumb/v7e-m+fp/hard/libc_nano.a(lib_a-memset.o)
                              /Applications/STM32CubeIDE.app/Contents/Eclipse/plugins/com.st.stm32cube.ide.mcu.externaltools.gnu-tools-for-stm32.9-2020-q2-update.macos64_1.5.0.202011040924/tools/bin/../lib/gcc/arm-none-eabi/9.3.1/../../../../arm-none-eabi/lib/thumb/v7e-m+fp/hard/crt0.o (memset)
/Applications/STM32CubeIDE.app/Contents/Eclipse/plugins/com.st.stm32cube.ide.mcu.externaltools.gnu-tools-for-stm32.9-2020-q2-update.macos64_1.5.0.202011040924/tools/bin/../lib/gcc/arm-none-eabi/9.3.1/../../../../arm-none-eabi/lib/thumb/v7e-m+fp/hard/libm.a(lib_a-wf_fmod.o)
                              Core/custom/engine.o (fmodf)
/Applications/STM32CubeIDE.app/Contents/Eclipse/plugins/com.st.stm32cube.ide.mcu.externaltools.gnu-tools-for-stm32.9-2020-q2-update.macos64_1.5.0.202011040924/tools/bin/../lib/gcc/arm-none-eabi/9.3.1/../../../../arm-none-eabi/lib/thumb/v7e-m+fp/hard/libm.a(lib_a-ef_fmod.o)
                              /Applications/STM32CubeIDE.app/Contents/Eclipse/plugins/com.st.stm32cube.ide.mcu.externaltools.gnu-tools-for-stm32.9-2020-q2-update.macos64_1.5.0.202011040924/tools/bin/../lib/gcc/arm-none-eabi/9.3.1/../../../../arm-none-eabi/lib/thumb/v7e-m+fp/hard/libm.a(lib_a-wf_fmod.o) (__ieee754_fmodf)
/Applications/STM32CubeIDE.app/Contents/Eclipse/plugins/com.st.stm32cube.ide.mcu.externaltools.gnu-tools-for-stm32.9-2020-q2-update.macos64_1.5.0.202011040924/tools/bin/../lib/gcc/arm-none-eabi/9.3.1/../../../../arm-none-eabi/lib/thumb/v7e-m+fp/hard/libm.a(lib_a-s_lib_ver.o)
                              /Applications/STM32CubeIDE.app/Contents/Eclipse/plugins/com.st.stm32cube.ide.mcu.externaltools.gnu-tools-for-stm32.9-2020-q2-update.macos64_1.5.0.202011040924/tools/bin/../lib/gcc/arm-none-eabi/9.3.1/../../../../arm-none-eabi/lib/thumb/v7e-m+fp/hard/libm.a(lib_a-wf_fmod.o) (__fdlib_version)
/Applications/STM32CubeIDE.app/Contents/Eclipse/plugins/com.st.stm32cube.ide.mcu.externaltools.gnu-tools-for-stm32.9-2020-q2-update.macos64_1.5.0.202011040924/tools/bin/../lib/gcc/arm-none-eabi/9.3.1/thumb/v7e-m+fp/hard/libgcc.a(_aeabi_uldivmod.o)
                              Drivers/STM32F4xx_HAL_Driver/Src/stm32f4xx_hal_rcc.o (__aeabi_uldivmod)
/Applications/STM32CubeIDE.app/Contents/Eclipse/plugins/com.st.stm32cube.ide.mcu.externaltools.gnu-tools-for-stm32.9-2020-q2-update.macos64_1.5.0.202011040924/tools/bin/../lib/gcc/arm-none-eabi/9.3.1/thumb/v7e-m+fp/hard/libgcc.a(_udivmoddi4.o)
[...]
Memory Configuration

Name             Origin             Length             Attributes
RAM              0x0000000020000000 0x0000000000018000 xrw
FLASH            0x0000000008000000 0x0000000000080000 xr
*default*        0x0000000000000000 0xffffffffffffffff

Linker script and memory map

LOAD /Applications/STM32CubeIDE.app/Contents/Eclipse/plugins/com.st.stm32cube.ide.mcu.externaltools.gnu-tools-for-stm32.9-2020-q2-update.macos64_1.5.0.202011040924/tools/bin/../lib/gcc/arm-none-eabi/9.3.1/thumb/v7e-m+fp/hard/crti.o
LOAD /Applications/STM32CubeIDE.app/Contents/Eclipse/plugins/com.st.stm32cube.ide.mcu.externaltools.gnu-tools-for-stm32.9-2020-q2-update.macos64_1.5.0.202011040924/tools/bin/../lib/gcc/arm-none-eabi/9.3.1/thumb/v7e-m+fp/hard/crtbegin.o
LOAD /Applications/STM32CubeIDE.app/Contents/Eclipse/plugins/com.st.stm32cube.ide.mcu.externaltools.gnu-tools-for-stm32.9-2020-q2-update.macos64_1.5.0.202011040924/tools/bin/../lib/gcc/arm-none-eabi/9.3.1/../../../../arm-none-eabi/lib/thumb/v7e-m+fp/hard/crt0.o
LOAD Core/Src/adc.o
LOAD Core/Src/dma.o
LOAD Core/Src/gpio.o
LOAD Core/Src/main.o
LOAD Core/Src/spi.o
LOAD Core/Src/stm32f4xx_hal_msp.o
LOAD Core/Src/stm32f4xx_it.o
LOAD Core/Src/syscalls.o
LOAD Core/Src/sysmem.o
LOAD Core/Src/system_stm32f4xx.o
LOAD Core/Src/tim.o
LOAD Core/Src/usart.o
LOAD Core/Startup/startup_stm32f401retx.o
LOAD Core/custom/engine.o
LOAD Core/custom/utility.o
LOAD Drivers/STM32F4xx_HAL_Driver/Src/stm32f4xx_hal.o
LOAD Drivers/STM32F4xx_HAL_Driver/Src/stm32f4xx_hal_adc.o
LOAD Drivers/STM32F4xx_HAL_Driver/Src/stm32f4xx_hal_adc_ex.o
LOAD Drivers/STM32F4xx_HAL_Driver/Src/stm32f4xx_hal_cortex.o
LOAD Drivers/STM32F4xx_HAL_Driver/Src/stm32f4xx_hal_dma.o
LOAD Drivers/STM32F4xx_HAL_Driver/Src/stm32f4xx_hal_dma_ex.o
LOAD Drivers/STM32F4xx_HAL_Driver/Src/stm32f4xx_hal_exti.o
LOAD Drivers/STM32F4xx_HAL_Driver/Src/stm32f4xx_hal_flash.o
LOAD Drivers/STM32F4xx_HAL_Driver/Src/stm32f4xx_hal_flash_ex.o
LOAD Drivers/STM32F4xx_HAL_Driver/Src/stm32f4xx_hal_flash_ramfunc.o
LOAD Drivers/STM32F4xx_HAL_Driver/Src/stm32f4xx_hal_gpio.o
LOAD Drivers/STM32F4xx_HAL_Driver/Src/stm32f4xx_hal_pwr.o
LOAD Drivers/STM32F4xx_HAL_Driver/Src/stm32f4xx_hal_pwr_ex.o
LOAD Drivers/STM32F4xx_HAL_Driver/Src/stm32f4xx_hal_rcc.o
LOAD Drivers/STM32F4xx_HAL_Driver/Src/stm32f4xx_hal_rcc_ex.o
LOAD Drivers/STM32F4xx_HAL_Driver/Src/stm32f4xx_hal_spi.o
LOAD Drivers/STM32F4xx_HAL_Driver/Src/stm32f4xx_hal_tim.o
LOAD Drivers/STM32F4xx_HAL_Driver/Src/stm32f4xx_hal_tim_ex.o
LOAD Drivers/STM32F4xx_HAL_Driver/Src/stm32f4xx_hal_uart.o
LOAD Drivers/STM32F4xx_HAL_Driver/Src/stm32f4xx_ll_adc.o
LOAD Drivers/custom/Src/ADC_STM32F401.o
LOAD Drivers/custom/Src/DAC_TI8164.o
START GROUP
LOAD /Applications/STM32CubeIDE.app/Contents/Eclipse/plugins/com.st.stm32cube.ide.mcu.externaltools.gnu-tools-for-stm32.9-2020-q2-update.macos64_1.5.0.202011040924/tools/bin/../lib/gcc/arm-none-eabi/9.3.1/../../../../arm-none-eabi/lib/thumb/v7e-m+fp/hard/libc_nano.a
LOAD /Applications/STM32CubeIDE.app/Contents/Eclipse/plugins/com.st.stm32cube.ide.mcu.externaltools.gnu-tools-for-stm32.9-2020-q2-update.macos64_1.5.0.202011040924/tools/bin/../lib/gcc/arm-none-eabi/9.3.1/../../../../arm-none-eabi/lib/thumb/v7e-m+fp/hard/libm.a
END GROUP
START GROUP
LOAD /Applications/STM32CubeIDE.app/Contents/Eclipse/plugins/com.st.stm32cube.ide.mcu.externaltools.gnu-tools-for-stm32.9-2020-q2-update.macos64_1.5.0.202011040924/tools/bin/../lib/gcc/arm-none-eabi/9.3.1/thumb/v7e-m+fp/hard/libgcc.a
LOAD /Applications/STM32CubeIDE.app/Contents/Eclipse/plugins/com.st.stm32cube.ide.mcu.externaltools.gnu-tools-for-stm32.9-2020-q2-update.macos64_1.5.0.202011040924/tools/bin/../lib/gcc/arm-none-eabi/9.3.1/../../../../arm-none-eabi/lib/thumb/v7e-m+fp/hard/libc_nano.a
END GROUP
START GROUP
LOAD /Applications/STM32CubeIDE.app/Contents/Eclipse/plugins/com.st.stm32cube.ide.mcu.externaltools.gnu-tools-for-stm32.9-2020-q2-update.macos64_1.5.0.202011040924/tools/bin/../lib/gcc/arm-none-eabi/9.3.1/thumb/v7e-m+fp/hard/libgcc.a
LOAD /Applications/STM32CubeIDE.app/Contents/Eclipse/plugins/com.st.stm32cube.ide.mcu.externaltools.gnu-tools-for-stm32.9-2020-q2-update.macos64_1.5.0.202011040924/tools/bin/../lib/gcc/arm-none-eabi/9.3.1/../../../../arm-none-eabi/lib/thumb/v7e-m+fp/hard/libc_nano.a
LOAD /Applications/STM32CubeIDE.app/Contents/Eclipse/plugins/com.st.stm32cube.ide.mcu.externaltools.gnu-tools-for-stm32.9-2020-q2-update.macos64_1.5.0.202011040924/tools/bin/../lib/gcc/arm-none-eabi/9.3.1/../../../../arm-none-eabi/lib/thumb/v7e-m+fp/hard/libnosys.a
END GROUP
START GROUP
LOAD /Applications/STM32CubeIDE.app/Contents/Eclipse/plugins/com.st.stm32cube.ide.mcu.externaltools.gnu-tools-for-stm32.9-2020-q2-update.macos64_1.5.0.202011040924/tools/bin/../lib/gcc/arm-none-eabi/9.3.1/thumb/v7e-m+fp/hard/libgcc.a
LOAD /Applications/STM32CubeIDE.app/Contents/Eclipse/plugins/com.st.stm32cube.ide.mcu.externaltools.gnu-tools-for-stm32.9-2020-q2-update.macos64_1.5.0.202011040924/tools/bin/../lib/gcc/arm-none-eabi/9.3.1/../../../../arm-none-eabi/lib/thumb/v7e-m+fp/hard/libc_nano.a
LOAD /Applications/STM32CubeIDE.app/Contents/Eclipse/plugins/com.st.stm32cube.ide.mcu.externaltools.gnu-tools-for-stm32.9-2020-q2-update.macos64_1.5.0.202011040924/tools/bin/../lib/gcc/arm-none-eabi/9.3.1/../../../../arm-none-eabi/lib/thumb/v7e-m+fp/hard/libnosys.a
END GROUP
LOAD /Applications/STM32CubeIDE.app/Contents/Eclipse/plugins/com.st.stm32cube.ide.mcu.externaltools.gnu-tools-for-stm32.9-2020-q2-update.macos64_1.5.0.202011040924/tools/bin/../lib/gcc/arm-none-eabi/9.3.1/thumb/v7e-m+fp/hard/crtend.o
LOAD /Applications/STM32CubeIDE.app/Contents/Eclipse/plugins/com.st.stm32cube.ide.mcu.externaltools.gnu-tools-for-stm32.9-2020-q2-update.macos64_1.5.0.202011040924/tools/bin/../lib/gcc/arm-none-eabi/9.3.1/thumb/v7e-m+fp/hard/crtn.o
                0x0000000020018000                _estack = (ORIGIN (RAM) + LENGTH (RAM))
                0x0000000000000200                _Min_Heap_Size = 0x200
                0x0000000000000400                _Min_Stack_Size = 0x400

.isr_vector     0x0000000008000000      0x194
                0x0000000008000000                . = ALIGN (0x4)
 *(.isr_vector)
 .isr_vector    0x0000000008000000      0x194 Core/Startup/startup_stm32f401retx.o
                0x0000000008000000                g_pfnVectors
                0x0000000008000194                . = ALIGN (0x4)

.text           0x0000000008000194     0x5d88
                0x0000000008000194                . = ALIGN (0x4)
 *(.text)
 .text          0x0000000008000194       0x40 /Applications/STM32CubeIDE.app/Contents/Eclipse/plugins/com.st.stm32cube.ide.mcu.externaltools.gnu-tools-for-stm32.9-2020-q2-update.macos64_1.5.0.202011040924/tools/bin/../lib/gcc/arm-none-eabi/9.3.1/thumb/v7e-m+fp/hard/crtbegin.o
 .text          0x00000000080001d4       0x30 /Applications/STM32CubeIDE.app/Contents/Eclipse/plugins/com.st.stm32cube.ide.mcu.externaltools.gnu-tools-for-stm32.9-2020-q2-update.macos64_1.5.0.202011040924/tools/bin/../lib/gcc/arm-none-eabi/9.3.1/thumb/v7e-m+fp/hard/libgcc.a(_aeabi_uldivmod.o)
                0x00000000080001d4                __aeabi_uldivmod
 .text          0x0000000008000204      0x2c4 /Applications/STM32CubeIDE.app/Contents/Eclipse/plugins/com.st.stm32cube.ide.mcu.externaltools.gnu-tools-for-stm32.9-2020-q2-update.macos64_1.5.0.202011040924/tools/bin/../lib/gcc/arm-none-eabi/9.3.1/thumb/v7e-m+fp/hard/libgcc.a(_udivmoddi4.o)
                0x0000000008000204                __udivmoddi4
 .text          0x00000000080004c8        0x4 /Applications/STM32CubeIDE.app/Contents/Eclipse/plugins/com.st.stm32cube.ide.mcu.externaltools.gnu-tools-for-stm32.9-2020-q2-update.macos64_1.5.0.202011040924/tools/bin/../lib/gcc/arm-none-eabi/9.3.1/thumb/v7e-m+fp/hard/libgcc.a(_dvmd_tls.o)
                0x00000000080004c8                __aeabi_ldiv0
                0x00000000080004c8                __aeabi_idiv0
 *(.text*)
 .text.MX_ADC1_Init
                0x00000000080004cc       0xa4 Core/Src/adc.o
                0x00000000080004cc                MX_ADC1_Init
 .text.HAL_ADC_MspInit
                0x0000000008000570       0xec Core/Src/adc.o
                0x0000000008000570                HAL_ADC_MspInit
 .text.MX_DMA_Init
                0x000000000800065c       0x50 Core/Src/dma.o
                0x000000000800065c                MX_DMA_Init
 .text.MX_GPIO_Init
                0x00000000080006ac       0xe0 Core/Src/gpio.o
                0x00000000080006ac                MX_GPIO_Init
 .text.main     0x000000000800078c       0x88 Core/Src/main.o
                0x000000000800078c                main
 .text.SystemClock_Config
                0x0000000008000814       0xd8 Core/Src/main.o
                0x0000000008000814                SystemClock_Config
 .text.Error_Handler
                0x00000000080008ec        0xa Core/Src/main.o
                0x00000000080008ec                Error_Handler
 *fill*         0x00000000080008f6        0x2 
 .text.MX_SPI2_Init
                0x00000000080008f8       0x6c Core/Src/spi.o
                0x00000000080008f8                MX_SPI2_Init
 .text.HAL_SPI_MspInit
                0x0000000008000964       0xd0 Core/Src/spi.o
                0x0000000008000964                HAL_SPI_MspInit
 .text.HAL_MspInit
                0x0000000008000a34       0x50 Core/Src/stm32f4xx_hal_msp.o
                0x0000000008000a34                HAL_MspInit
 .text.NMI_Handler
                0x0000000008000a84        0x6 Core/Src/stm32f4xx_it.o
                0x0000000008000a84                NMI_Handler
 .text.HardFault_Handler
                0x0000000008000a8a        0x6 Core/Src/stm32f4xx_it.o
                0x0000000008000a8a                HardFault_Handler
 .text.MemManage_Handler
                0x0000000008000a90        0x6 Core/Src/stm32f4xx_it.o
                0x0000000008000a90                MemManage_Handler
 .text.BusFault_Handler
                0x0000000008000a96        0x6 Core/Src/stm32f4xx_it.o
                0x0000000008000a96                BusFault_Handler
 .text.UsageFault_Handler
                0x0000000008000a9c        0x6 Core/Src/stm32f4xx_it.o
                0x0000000008000a9c                UsageFault_Handler
 .text.SVC_Handler
                0x0000000008000aa2        0xe Core/Src/stm32f4xx_it.o
                0x0000000008000aa2                SVC_Handler
 .text.DebugMon_Handler
                0x0000000008000ab0        0xe Core/Src/stm32f4xx_it.o
                0x0000000008000ab0                DebugMon_Handler
 .text.PendSV_Handler
                0x0000000008000abe        0xe Core/Src/stm32f4xx_it.o
                0x0000000008000abe                PendSV_Handler
 .text.SysTick_Handler
                0x0000000008000acc        0xc Core/Src/stm32f4xx_it.o
                0x0000000008000acc                SysTick_Handler
 .text.DMA2_Stream0_IRQHandler
                0x0000000008000ad8       0x14 Core/Src/stm32f4xx_it.o
                0x0000000008000ad8                DMA2_Stream0_IRQHandler
 .text.DMA2_Stream6_IRQHandler
                0x0000000008000aec       0x14 Core/Src/stm32f4xx_it.o
                0x0000000008000aec                DMA2_Stream6_IRQHandler
 .text.SystemInit
                0x0000000008000b00       0x24 Core/Src/system_stm32f4xx.o
                0x0000000008000b00                SystemInit
 .text.MX_TIM1_Init
                0x0000000008000b24      0x1ac Core/Src/tim.o
                0x0000000008000b24                MX_TIM1_Init
 .text.MX_TIM3_Init
                0x0000000008000cd0       0xf0 Core/Src/tim.o
                0x0000000008000cd0                MX_TIM3_Init
 .text.HAL_TIM_Base_MspInit
                0x0000000008000dc0       0xe8 Core/Src/tim.o
                0x0000000008000dc0                HAL_TIM_Base_MspInit
 .text.HAL_TIM_MspPostInit
                0x0000000008000ea8       0x74 Core/Src/tim.o
                0x0000000008000ea8                HAL_TIM_MspPostInit
 .text.MX_USART2_UART_Init
                0x0000000008000f1c       0x54 Core/Src/usart.o
                0x0000000008000f1c                MX_USART2_UART_Init
 .text.HAL_UART_MspInit
                0x0000000008000f70       0x90 Core/Src/usart.o
                0x0000000008000f70                HAL_UART_MspInit
 .text.Reset_Handler
                0x0000000008001000       0x50 Core/Startup/startup_stm32f401retx.o
                0x0000000008001000                Reset_Handler
 .text.Default_Handler
                0x0000000008001050        0x2 Core/Startup/startup_stm32f401retx.o
                0x0000000008001050                DMA1_Stream3_IRQHandler
                0x0000000008001050                EXTI2_IRQHandler
                0x0000000008001050                SPI4_IRQHandler
                0x0000000008001050                TIM1_CC_IRQHandler
                0x0000000008001050                DMA2_Stream5_IRQHandler
                0x0000000008001050                DMA1_Stream5_IRQHandler
                0x0000000008001050                PVD_IRQHandler
                0x0000000008001050                SDIO_IRQHandler
                0x0000000008001050                TAMP_STAMP_IRQHandler
                0x0000000008001050                EXTI3_IRQHandler
                0x0000000008001050                TIM1_UP_TIM10_IRQHandler
                0x0000000008001050                I2C3_ER_IRQHandler
                0x0000000008001050                EXTI0_IRQHandler
                0x0000000008001050                I2C2_EV_IRQHandler
                0x0000000008001050                DMA1_Stream2_IRQHandler
                0x0000000008001050                FPU_IRQHandler
                0x0000000008001050                DMA2_Stream2_IRQHandler
                0x0000000008001050                SPI1_IRQHandler
                0x0000000008001050                TIM1_BRK_TIM9_IRQHandler
                0x0000000008001050                DMA2_Stream3_IRQHandler
                0x0000000008001050                USART6_IRQHandler
                0x0000000008001050                TIM4_IRQHandler
                0x0000000008001050                I2C1_EV_IRQHandler
                0x0000000008001050                DMA1_Stream6_IRQHandler
                0x0000000008001050                DMA1_Stream1_IRQHandler
                0x0000000008001050                TIM3_IRQHandler
                0x0000000008001050                RCC_IRQHandler
                0x0000000008001050                Default_Handler
                0x0000000008001050                EXTI15_10_IRQHandler
                0x0000000008001050                ADC_IRQHandler
                0x0000000008001050                DMA1_Stream7_IRQHandler
                0x0000000008001050                TIM5_IRQHandler
                0x0000000008001050                DMA2_Stream7_IRQHandler
                0x0000000008001050                I2C3_EV_IRQHandler
                0x0000000008001050                EXTI9_5_IRQHandler
                0x0000000008001050                RTC_WKUP_IRQHandler
                0x0000000008001050                SPI2_IRQHandler
                0x0000000008001050                DMA1_Stream0_IRQHandler
                0x0000000008001050                EXTI4_IRQHandler
                0x0000000008001050                WWDG_IRQHandler
                0x0000000008001050                TIM2_IRQHandler
                0x0000000008001050                OTG_FS_WKUP_IRQHandler
                0x0000000008001050                TIM1_TRG_COM_TIM11_IRQHandler
                0x0000000008001050                EXTI1_IRQHandler
                0x0000000008001050                USART2_IRQHandler
                0x0000000008001050                I2C2_ER_IRQHandler
                0x0000000008001050                DMA2_Stream1_IRQHandler
                0x0000000008001050                FLASH_IRQHandler
                0x0000000008001050                DMA2_Stream4_IRQHandler
                0x0000000008001050                USART1_IRQHandler
                0x0000000008001050                OTG_FS_IRQHandler
                0x0000000008001050                SPI3_IRQHandler
                0x0000000008001050                DMA1_Stream4_IRQHandler
                0x0000000008001050                I2C1_ER_IRQHandler
                0x0000000008001050                RTC_Alarm_IRQHandler
 .text.min      0x0000000008001052       0x20 Core/custom/engine.o
 .text.interp   0x0000000008001072       0x44 Core/custom/engine.o
 .text.clamp    0x00000000080010b6       0x52 Core/custom/engine.o
 .text.lerp2pt  0x0000000008001108       0x68 Core/custom/engine.o
 .text.lookup   0x0000000008001170       0x40 Core/custom/engine.o
                0x0000000008001170                lookup
 .text.wt_sample
                0x00000000080011b0      0x22c Core/custom/engine.o
                0x00000000080011b0                wt_sample
 .text.clamp    0x00000000080013dc       0x52 Core/custom/utility.o
 *fill*         0x000000000800142e        0x2 
 .text.translate_range
                0x0000000008001430       0x98 Core/custom/utility.o
                0x0000000008001430                translate_range
 .text.HAL_Init
                0x00000000080014c8       0x44 Drivers/STM32F4xx_HAL_Driver/Src/stm32f4xx_hal.o
                0x00000000080014c8                HAL_Init
 .text.HAL_InitTick
                0x000000000800150c       0x60 Drivers/STM32F4xx_HAL_Driver/Src/stm32f4xx_hal.o
                0x000000000800150c                HAL_InitTick
 .text.HAL_IncTick
                0x000000000800156c       0x28 Drivers/STM32F4xx_HAL_Driver/Src/stm32f4xx_hal.o
                0x000000000800156c                HAL_IncTick
 .text.HAL_GetTick
                0x0000000008001594       0x18 Drivers/STM32F4xx_HAL_Driver/Src/stm32f4xx_hal.o
                0x0000000008001594                HAL_GetTick
 .text.HAL_ADC_Init
                0x00000000080015ac       0x86 Drivers/STM32F4xx_HAL_Driver/Src/stm32f4xx_hal_adc.o
                0x00000000080015ac                HAL_ADC_Init
 *fill*         0x0000000008001632        0x2 
 .text.HAL_ADC_Start_DMA
                0x0000000008001634      0x1e0 Drivers/STM32F4xx_HAL_Driver/Src/stm32f4xx_hal_adc.o
                0x0000000008001634                HAL_ADC_Start_DMA
 .text.HAL_ADC_ConvHalfCpltCallback
                0x0000000008001814       0x14 Drivers/STM32F4xx_HAL_Driver/Src/stm32f4xx_hal_adc.o
                0x0000000008001814                HAL_ADC_ConvHalfCpltCallback
 .text.HAL_ADC_ErrorCallback
                0x0000000008001828       0x14 Drivers/STM32F4xx_HAL_Driver/Src/stm32f4xx_hal_adc.o
                0x0000000008001828                HAL_ADC_ErrorCallback
 .text.HAL_ADC_ConfigChannel
                0x000000000800183c      0x244 Drivers/STM32F4xx_HAL_Driver/Src/stm32f4xx_hal_adc.o
                0x000000000800183c                HAL_ADC_ConfigChannel
 .text.ADC_Init
                0x0000000008001a80      0x1f8 Drivers/STM32F4xx_HAL_Driver/Src/stm32f4xx_hal_adc.o
 .text.ADC_DMAConvCplt
                0x0000000008001c78       0xba Drivers/STM32F4xx_HAL_Driver/Src/stm32f4xx_hal_adc.o
 .text.ADC_DMAHalfConvCplt
                0x0000000008001d32       0x1c Drivers/STM32F4xx_HAL_Driver/Src/stm32f4xx_hal_adc.o
 .text.ADC_DMAError
                0x0000000008001d4e       0x2e Drivers/STM32F4xx_HAL_Driver/Src/stm32f4xx_hal_adc.o
 .text.__NVIC_SetPriorityGrouping
                0x0000000008001d7c       0x48 Drivers/STM32F4xx_HAL_Driver/Src/stm32f4xx_hal_cortex.o
 .text.__NVIC_GetPriorityGrouping
                0x0000000008001dc4       0x1c Drivers/STM32F4xx_HAL_Driver/Src/stm32f4xx_hal_cortex.o
 .text.__NVIC_EnableIRQ
                0x0000000008001de0       0x3c Drivers/STM32F4xx_HAL_Driver/Src/stm32f4xx_hal_cortex.o
 .text.__NVIC_SetPriority
                0x0000000008001e1c       0x54 Drivers/STM32F4xx_HAL_Driver/Src/stm32f4xx_hal_cortex.o
 .text.NVIC_EncodePriority
                0x0000000008001e70       0x66 Drivers/STM32F4xx_HAL_Driver/Src/stm32f4xx_hal_cortex.o
 *fill*         0x0000000008001ed6        0x2 
 .text.SysTick_Config
                0x0000000008001ed8       0x44 Drivers/STM32F4xx_HAL_Driver/Src/stm32f4xx_hal_cortex.o
 .text.HAL_NVIC_SetPriorityGrouping
                0x0000000008001f1c       0x16 Drivers/STM32F4xx_HAL_Driver/Src/stm32f4xx_hal_cortex.o
                0x0000000008001f1c                HAL_NVIC_SetPriorityGrouping
 .text.HAL_NVIC_SetPriority
                0x0000000008001f32       0x38 Drivers/STM32F4xx_HAL_Driver/Src/stm32f4xx_hal_cortex.o
                0x0000000008001f32                HAL_NVIC_SetPriority
 .text.HAL_NVIC_EnableIRQ
                0x0000000008001f6a       0x1c Drivers/STM32F4xx_HAL_Driver/Src/stm32f4xx_hal_cortex.o
                0x0000000008001f6a                HAL_NVIC_EnableIRQ
 .text.HAL_SYSTICK_Config
                0x0000000008001f86       0x18 Drivers/STM32F4xx_HAL_Driver/Src/stm32f4xx_hal_cortex.o
                0x0000000008001f86                HAL_SYSTICK_Config
 *fill*         0x0000000008001f9e        0x2 
 .text.HAL_DMA_Init
                0x0000000008001fa0      0x15c Drivers/STM32F4xx_HAL_Driver/Src/stm32f4xx_hal_dma.o
                0x0000000008001fa0                HAL_DMA_Init
 .text.HAL_DMA_Start_IT
                0x00000000080020fc       0xb0 Drivers/STM32F4xx_HAL_Driver/Src/stm32f4xx_hal_dma.o
                0x00000000080020fc                HAL_DMA_Start_IT
 .text.HAL_DMA_IRQHandler
                0x00000000080021ac      0x314 Drivers/STM32F4xx_HAL_Driver/Src/stm32f4xx_hal_dma.o
                0x00000000080021ac                HAL_DMA_IRQHandler
 .text.HAL_DMA_RegisterCallback
                0x00000000080024c0       0xa8 Drivers/STM32F4xx_HAL_Driver/Src/stm32f4xx_hal_dma.o
                0x00000000080024c0                HAL_DMA_RegisterCallback
 .text.DMA_SetConfig
                0x0000000008002568       0x5c Drivers/STM32F4xx_HAL_Driver/Src/stm32f4xx_hal_dma.o
 .text.DMA_CalcBaseAndBitshift
                0x00000000080025c4       0x6c Drivers/STM32F4xx_HAL_Driver/Src/stm32f4xx_hal_dma.o
 .text.DMA_CheckFifoParam
                0x0000000008002630       0xf8 Drivers/STM32F4xx_HAL_Driver/Src/stm32f4xx_hal_dma.o
 .text.HAL_DMAEx_MultiBufferStart_IT
                0x0000000008002728     0x1290 Drivers/STM32F4xx_HAL_Driver/Src/stm32f4xx_hal_dma_ex.o
                0x0000000008002728                HAL_DMAEx_MultiBufferStart_IT
 .text.DMA_MultiBufferSetConfig
                0x00000000080039b8       0x4c Drivers/STM32F4xx_HAL_Driver/Src/stm32f4xx_hal_dma_ex.o
 .text.HAL_GPIO_Init
                0x0000000008003a04      0x308 Drivers/STM32F4xx_HAL_Driver/Src/stm32f4xx_hal_gpio.o
                0x0000000008003a04                HAL_GPIO_Init
 .text.HAL_GPIO_WritePin
                0x0000000008003d0c       0x32 Drivers/STM32F4xx_HAL_Driver/Src/stm32f4xx_hal_gpio.o
                0x0000000008003d0c                HAL_GPIO_WritePin
 *fill*         0x0000000008003d3e        0x2 
 .text.HAL_RCC_OscConfig
                0x0000000008003d40      0x4f0 Drivers/STM32F4xx_HAL_Driver/Src/stm32f4xx_hal_rcc.o
                0x0000000008003d40                HAL_RCC_OscConfig
 .text.HAL_RCC_ClockConfig
                0x0000000008004230      0x1cc Drivers/STM32F4xx_HAL_Driver/Src/stm32f4xx_hal_rcc.o
                0x0000000008004230                HAL_RCC_ClockConfig
 .text.HAL_RCC_GetSysClockFreq
                0x00000000080043fc      0x1c4 Drivers/STM32F4xx_HAL_Driver/Src/stm32f4xx_hal_rcc.o
                0x00000000080043fc                HAL_RCC_GetSysClockFreq
 .text.HAL_RCC_GetHCLKFreq
                0x00000000080045c0       0x18 Drivers/STM32F4xx_HAL_Driver/Src/stm32f4xx_hal_rcc.o
                0x00000000080045c0                HAL_RCC_GetHCLKFreq
 .text.HAL_RCC_GetPCLK1Freq
                0x00000000080045d8       0x28 Drivers/STM32F4xx_HAL_Driver/Src/stm32f4xx_hal_rcc.o
                0x00000000080045d8                HAL_RCC_GetPCLK1Freq
 .text.HAL_RCC_GetPCLK2Freq
                0x0000000008004600       0x28 Drivers/STM32F4xx_HAL_Driver/Src/stm32f4xx_hal_rcc.o
                0x0000000008004600                HAL_RCC_GetPCLK2Freq
 .text.HAL_SPI_Init
                0x0000000008004628      0x112 Drivers/STM32F4xx_HAL_Driver/Src/stm32f4xx_hal_spi.o
                0x0000000008004628                HAL_SPI_Init
 .text.HAL_TIM_Base_Init
                0x000000000800473a       0x9e Drivers/STM32F4xx_HAL_Driver/Src/stm32f4xx_hal_tim.o
                0x000000000800473a                HAL_TIM_Base_Init
 .text.HAL_TIM_Base_Start
                0x00000000080047d8       0xb4 Drivers/STM32F4xx_HAL_Driver/Src/stm32f4xx_hal_tim.o
                0x00000000080047d8                HAL_TIM_Base_Start
 .text.HAL_TIM_OC_Init
                0x000000000800488c       0x9e Drivers/STM32F4xx_HAL_Driver/Src/stm32f4xx_hal_tim.o
                0x000000000800488c                HAL_TIM_OC_Init
 .text.HAL_TIM_OC_MspInit
                0x000000000800492a       0x14 Drivers/STM32F4xx_HAL_Driver/Src/stm32f4xx_hal_tim.o
                0x000000000800492a                HAL_TIM_OC_MspInit
 *fill*         0x000000000800493e        0x2 
 .text.HAL_TIM_OC_Start
                0x0000000008004940      0x160 Drivers/STM32F4xx_HAL_Driver/Src/stm32f4xx_hal_tim.o
                0x0000000008004940                HAL_TIM_OC_Start
 .text.HAL_TIM_PWM_Init
                0x0000000008004aa0       0x9e Drivers/STM32F4xx_HAL_Driver/Src/stm32f4xx_hal_tim.o
                0x0000000008004aa0                HAL_TIM_PWM_Init
 .text.HAL_TIM_PWM_MspInit
                0x0000000008004b3e       0x14 Drivers/STM32F4xx_HAL_Driver/Src/stm32f4xx_hal_tim.o
                0x0000000008004b3e                HAL_TIM_PWM_MspInit
 *fill*         0x0000000008004b52        0x2 
 .text.HAL_TIM_OC_ConfigChannel
                0x0000000008004b54       0xb0 Drivers/STM32F4xx_HAL_Driver/Src/stm32f4xx_hal_tim.o
                0x0000000008004b54                HAL_TIM_OC_ConfigChannel
 .text.HAL_TIM_PWM_ConfigChannel
                0x0000000008004c04      0x17c Drivers/STM32F4xx_HAL_Driver/Src/stm32f4xx_hal_tim.o
                0x0000000008004c04                HAL_TIM_PWM_ConfigChannel
 .text.HAL_TIM_ConfigClockSource
                0x0000000008004d80      0x188 Drivers/STM32F4xx_HAL_Driver/Src/stm32f4xx_hal_tim.o
                0x0000000008004d80                HAL_TIM_ConfigClockSource
 .text.HAL_TIM_ErrorCallback
                0x0000000008004f08       0x14 Drivers/STM32F4xx_HAL_Driver/Src/stm32f4xx_hal_tim.o
                0x0000000008004f08                HAL_TIM_ErrorCallback
 .text.TIM_DMAError
                0x0000000008004f1c       0x92 Drivers/STM32F4xx_HAL_Driver/Src/stm32f4xx_hal_tim.o
                0x0000000008004f1c                TIM_DMAError
 *fill*         0x0000000008004fae        0x2 
 .text.TIM_Base_SetConfig
                0x0000000008004fb0      0x100 Drivers/STM32F4xx_HAL_Driver/Src/stm32f4xx_hal_tim.o
                0x0000000008004fb0                TIM_Base_SetConfig
 .text.TIM_OC1_SetConfig
                0x00000000080050b0       0xcc Drivers/STM32F4xx_HAL_Driver/Src/stm32f4xx_hal_tim.o
 .text.TIM_OC2_SetConfig
                0x000000000800517c       0xd8 Drivers/STM32F4xx_HAL_Driver/Src/stm32f4xx_hal_tim.o
                0x000000000800517c                TIM_OC2_SetConfig
 .text.TIM_OC3_SetConfig
                0x0000000008005254       0xd4 Drivers/STM32F4xx_HAL_Driver/Src/stm32f4xx_hal_tim.o
 .text.TIM_OC4_SetConfig
                0x0000000008005328       0xa0 Drivers/STM32F4xx_HAL_Driver/Src/stm32f4xx_hal_tim.o
 .text.TIM_TI1_ConfigInputStage
                0x00000000080053c8       0x5e Drivers/STM32F4xx_HAL_Driver/Src/stm32f4xx_hal_tim.o
 .text.TIM_TI2_ConfigInputStage
                0x0000000008005426       0x60 Drivers/STM32F4xx_HAL_Driver/Src/stm32f4xx_hal_tim.o
 .text.TIM_ITRx_SetConfig
                0x0000000008005486       0x36 Drivers/STM32F4xx_HAL_Driver/Src/stm32f4xx_hal_tim.o
 .text.TIM_ETR_SetConfig
                0x00000000080054bc       0x40 Drivers/STM32F4xx_HAL_Driver/Src/stm32f4xx_hal_tim.o
                0x00000000080054bc                TIM_ETR_SetConfig
 .text.TIM_CCxChannelCmd
                0x00000000080054fc       0x4a Drivers/STM32F4xx_HAL_Driver/Src/stm32f4xx_hal_tim.o
                0x00000000080054fc                TIM_CCxChannelCmd
 *fill*         0x0000000008005546        0x2 
 .text.HAL_TIMEx_MasterConfigSynchronization
                0x0000000008005548       0xdc Drivers/STM32F4xx_HAL_Driver/Src/stm32f4xx_hal_tim_ex.o
                0x0000000008005548                HAL_TIMEx_MasterConfigSynchronization
 .text.HAL_TIMEx_ConfigBreakDeadTime
                0x0000000008005624       0xa4 Drivers/STM32F4xx_HAL_Driver/Src/stm32f4xx_hal_tim_ex.o
                0x0000000008005624                HAL_TIMEx_ConfigBreakDeadTime
 .text.HAL_UART_Init
                0x00000000080056c8       0x9a Drivers/STM32F4xx_HAL_Driver/Src/stm32f4xx_hal_uart.o
                0x00000000080056c8                HAL_UART_Init
 *fill*         0x0000000008005762        0x2 
 .text.UART_SetConfig
                0x0000000008005764      0x390 Drivers/STM32F4xx_HAL_Driver/Src/stm32f4xx_hal_uart.o
 .text.ADC_Init
                0x0000000008005af4       0x38 Drivers/custom/Src/ADC_STM32F401.o
                0x0000000008005af4                ADC_Init
 .text.ADC_queue_pop
                0x0000000008005b2c       0x18 Drivers/custom/Src/ADC_STM32F401.o
                0x0000000008005b2c                ADC_queue_pop
 .text.HAL_ADC_ConvCpltCallback
                0x0000000008005b44       0x14 Drivers/custom/Src/ADC_STM32F401.o
                0x0000000008005b44                HAL_ADC_ConvCpltCallback
 .text.DAC_Init
                0x0000000008005b58      0x100 Drivers/custom/Src/DAC_TI8164.o
                0x0000000008005b58                DAC_Init
 .text.DAC_queue_push
                0x0000000008005c58       0x94 Drivers/custom/Src/DAC_TI8164.o
                0x0000000008005c58                DAC_queue_push
 .text.DAC_xfer_M0_cplt
                0x0000000008005cec       0x2c Drivers/custom/Src/DAC_TI8164.o
                0x0000000008005cec                DAC_xfer_M0_cplt
 .text.DAC_xfer_M1_cplt
                0x0000000008005d18       0x2c Drivers/custom/Src/DAC_TI8164.o
                0x0000000008005d18                DAC_xfer_M1_cplt
 .text.__errno  0x0000000008005d44        0xc /Applications/STM32CubeIDE.app/Contents/Eclipse/plugins/com.st.stm32cube.ide.mcu.externaltools.gnu-tools-for-stm32.9-2020-q2-update.macos64_1.5.0.202011040924/tools/bin/../lib/gcc/arm-none-eabi/9.3.1/../../../../arm-none-eabi/lib/thumb/v7e-m+fp/hard/libc_nano.a(lib_a-errno.o)
                0x0000000008005d44                __errno
 .text.__libc_init_array
                0x0000000008005d50       0x48 /Applications/STM32CubeIDE.app/Contents/Eclipse/plugins/com.st.stm32cube.ide.mcu.externaltools.gnu-tools-for-stm32.9-2020-q2-update.macos64_1.5.0.202011040924/tools/bin/../lib/gcc/arm-none-eabi/9.3.1/../../../../arm-none-eabi/lib/thumb/v7e-m+fp/hard/libc_nano.a(lib_a-init.o)
                0x0000000008005d50                __libc_init_array
 .text.memset   0x0000000008005d98       0x10 /Applications/STM32CubeIDE.app/Contents/Eclipse/plugins/com.st.stm32cube.ide.mcu.externaltools.gnu-tools-for-stm32.9-2020-q2-update.macos64_1.5.0.202011040924/tools/bin/../lib/gcc/arm-none-eabi/9.3.1/../../../../arm-none-eabi/lib/thumb/v7e-m+fp/hard/libc_nano.a(lib_a-memset.o)
                0x0000000008005d98                memset
 .text.fmodf    0x0000000008005da8       0x58 /Applications/STM32CubeIDE.app/Contents/Eclipse/plugins/com.st.stm32cube.ide.mcu.externaltools.gnu-tools-for-stm32.9-2020-q2-update.macos64_1.5.0.202011040924/tools/bin/../lib/gcc/arm-none-eabi/9.3.1/../../../../arm-none-eabi/lib/thumb/v7e-m+fp/hard/libm.a(lib_a-wf_fmod.o)
                0x0000000008005da8                fmodf
 .text.__ieee754_fmodf
                0x0000000008005e00      0x104 /Applications/STM32CubeIDE.app/Contents/Eclipse/plugins/com.st.stm32cube.ide.mcu.externaltools.gnu-tools-for-stm32.9-2020-q2-update.macos64_1.5.0.202011040924/tools/bin/../lib/gcc/arm-none-eabi/9.3.1/../../../../arm-none-eabi/lib/thumb/v7e-m+fp/hard/libm.a(lib_a-ef_fmod.o)
                0x0000000008005e00                __ieee754_fmodf
 *(.glue_7)
 .glue_7        0x0000000008005f04        0x0 linker stubs
 *(.glue_7t)
 .glue_7t       0x0000000008005f04        0x0 linker stubs
 *(.eh_frame)
 .eh_frame      0x0000000008005f04        0x0 /Applications/STM32CubeIDE.app/Contents/Eclipse/plugins/com.st.stm32cube.ide.mcu.externaltools.gnu-tools-for-stm32.9-2020-q2-update.macos64_1.5.0.202011040924/tools/bin/../lib/gcc/arm-none-eabi/9.3.1/thumb/v7e-m+fp/hard/crtbegin.o
 *(.init)
 .init          0x0000000008005f04        0x4 /Applications/STM32CubeIDE.app/Contents/Eclipse/plugins/com.st.stm32cube.ide.mcu.externaltools.gnu-tools-for-stm32.9-2020-q2-update.macos64_1.5.0.202011040924/tools/bin/../lib/gcc/arm-none-eabi/9.3.1/thumb/v7e-m+fp/hard/crti.o
                0x0000000008005f04                _init
 .init          0x0000000008005f08        0x8 /Applications/STM32CubeIDE.app/Contents/Eclipse/plugins/com.st.stm32cube.ide.mcu.externaltools.gnu-tools-for-stm32.9-2020-q2-update.macos64_1.5.0.202011040924/tools/bin/../lib/gcc/arm-none-eabi/9.3.1/thumb/v7e-m+fp/hard/crtn.o
 *(.fini)
 .fini          0x0000000008005f10        0x4 /Applications/STM32CubeIDE.app/Contents/Eclipse/plugins/com.st.stm32cube.ide.mcu.externaltools.gnu-tools-for-stm32.9-2020-q2-update.macos64_1.5.0.202011040924/tools/bin/../lib/gcc/arm-none-eabi/9.3.1/thumb/v7e-m+fp/hard/crti.o
                0x0000000008005f10                _fini
 .fini          0x0000000008005f14        0x8 /Applications/STM32CubeIDE.app/Contents/Eclipse/plugins/com.st.stm32cube.ide.mcu.externaltools.gnu-tools-for-stm32.9-2020-q2-update.macos64_1.5.0.202011040924/tools/bin/../lib/gcc/arm-none-eabi/9.3.1/thumb/v7e-m+fp/hard/crtn.o
                0x0000000008005f1c                . = ALIGN (0x4)
                0x0000000008005f1c                _etext = .

.vfp11_veneer   0x0000000008005f1c        0x0
 .vfp11_veneer  0x0000000008005f1c        0x0 linker stubs

.v4_bx          0x0000000008005f1c        0x0
 .v4_bx         0x0000000008005f1c        0x0 linker stubs

.iplt           0x0000000008005f1c        0x0
 .iplt          0x0000000008005f1c        0x0 /Applications/STM32CubeIDE.app/Contents/Eclipse/plugins/com.st.stm32cube.ide.mcu.externaltools.gnu-tools-for-stm32.9-2020-q2-update.macos64_1.5.0.202011040924/tools/bin/../lib/gcc/arm-none-eabi/9.3.1/thumb/v7e-m+fp/hard/crtbegin.o

.rodata         0x0000000008005f1c     0xa028
                0x0000000008005f1c                . = ALIGN (0x4)
 *(.rodata)
 *(.rodata*)
 .rodata.AHBPrescTable
                0x0000000008005f1c       0x10 Core/Src/system_stm32f4xx.o
                0x0000000008005f1c                AHBPrescTable
 .rodata.APBPrescTable
                0x0000000008005f2c        0x8 Core/Src/system_stm32f4xx.o
                0x0000000008005f2c                APBPrescTable
 .rodata.wavetable
                0x0000000008005f34     0xa000 Core/custom/engine.o
 .rodata.flagBitshiftOffset.8713
                0x000000000800ff34        0x8 Drivers/STM32F4xx_HAL_Driver/Src/stm32f4xx_hal_dma.o
 .rodata.Zero   0x000000000800ff3c        0x8 /Applications/STM32CubeIDE.app/Contents/Eclipse/plugins/com.st.stm32cube.ide.mcu.externaltools.gnu-tools-for-stm32.9-2020-q2-update.macos64_1.5.0.202011040924/tools/bin/../lib/gcc/arm-none-eabi/9.3.1/../../../../arm-none-eabi/lib/thumb/v7e-m+fp/hard/libm.a(lib_a-ef_fmod.o)
                0x000000000800ff44                . = ALIGN (0x4)

.ARM.extab      0x000000000800ff44        0x0
                0x000000000800ff44                . = ALIGN (0x4)
 *(.ARM.extab* .gnu.linkonce.armextab.*)
                0x000000000800ff44                . = ALIGN (0x4)

.ARM            0x000000000800ff44        0x8
                0x000000000800ff44                . = ALIGN (0x4)
                0x000000000800ff44                __exidx_start = .
 *(.ARM.exidx*)
 .ARM.exidx     0x000000000800ff44        0x8 /Applications/STM32CubeIDE.app/Contents/Eclipse/plugins/com.st.stm32cube.ide.mcu.externaltools.gnu-tools-for-stm32.9-2020-q2-update.macos64_1.5.0.202011040924/tools/bin/../lib/gcc/arm-none-eabi/9.3.1/thumb/v7e-m+fp/hard/libgcc.a(_udivmoddi4.o)
                0x000000000800ff4c                __exidx_end = .
                0x000000000800ff4c                . = ALIGN (0x4)

.rel.dyn        0x000000000800ff4c        0x0
 .rel.iplt      0x000000000800ff4c        0x0 /Applications/STM32CubeIDE.app/Contents/Eclipse/plugins/com.st.stm32cube.ide.mcu.externaltools.gnu-tools-for-stm32.9-2020-q2-update.macos64_1.5.0.202011040924/tools/bin/../lib/gcc/arm-none-eabi/9.3.1/thumb/v7e-m+fp/hard/crtbegin.o

.preinit_array  0x000000000800ff4c        0x0
                0x000000000800ff4c                . = ALIGN (0x4)
                0x000000000800ff4c                PROVIDE (__preinit_array_start = .)
 *(.preinit_array*)
                0x000000000800ff4c                PROVIDE (__preinit_array_end = .)
                0x000000000800ff4c                . = ALIGN (0x4)

.init_array     0x000000000800ff4c        0x4
                0x000000000800ff4c                . = ALIGN (0x4)
                0x000000000800ff4c                PROVIDE (__init_array_start = .)
 *(SORT_BY_NAME(.init_array.*))
 *(.init_array*)
 .init_array    0x000000000800ff4c        0x4 /Applications/STM32CubeIDE.app/Contents/Eclipse/plugins/com.st.stm32cube.ide.mcu.externaltools.gnu-tools-for-stm32.9-2020-q2-update.macos64_1.5.0.202011040924/tools/bin/../lib/gcc/arm-none-eabi/9.3.1/thumb/v7e-m+fp/hard/crtbegin.o
                0x000000000800ff50                PROVIDE (__init_array_end = .)
                0x000000000800ff50                . = ALIGN (0x4)

.fini_array     0x000000000800ff50        0x4
                0x000000000800ff50                . = ALIGN (0x4)
                [!provide]                        PROVIDE (__fini_array_start = .)
 *(SORT_BY_NAME(.fini_array.*))
 *(.fini_array*)
 .fini_array    0x000000000800ff50        0x4 /Applications/STM32CubeIDE.app/Contents/Eclipse/plugins/com.st.stm32cube.ide.mcu.externaltools.gnu-tools-for-stm32.9-2020-q2-update.macos64_1.5.0.202011040924/tools/bin/../lib/gcc/arm-none-eabi/9.3.1/thumb/v7e-m+fp/hard/crtbegin.o
                [!provide]                        PROVIDE (__fini_array_end = .)
                0x000000000800ff54                . = ALIGN (0x4)
                0x000000000800ff54                _sidata = LOADADDR (.data)

.data           0x0000000020000000       0x74 load address 0x000000000800ff54
                0x0000000020000000                . = ALIGN (0x4)
                0x0000000020000000                _sdata = .
 *(.data)
 *(.data*)
 .data.SystemCoreClock
                0x0000000020000000        0x4 Core/Src/system_stm32f4xx.o
                0x0000000020000000                SystemCoreClock
 .data.uwTickPrio
                0x0000000020000004        0x4 Drivers/STM32F4xx_HAL_Driver/Src/stm32f4xx_hal.o
                0x0000000020000004                uwTickPrio
 .data.uwTickFreq
                0x0000000020000008        0x1 Drivers/STM32F4xx_HAL_Driver/Src/stm32f4xx_hal.o
                0x0000000020000008                uwTickFreq
 *fill*         0x0000000020000009        0x3 
 .data._impure_ptr
                0x000000002000000c        0x4 /Applications/STM32CubeIDE.app/Contents/Eclipse/plugins/com.st.stm32cube.ide.mcu.externaltools.gnu-tools-for-stm32.9-2020-q2-update.macos64_1.5.0.202011040924/tools/bin/../lib/gcc/arm-none-eabi/9.3.1/../../../../arm-none-eabi/lib/thumb/v7e-m+fp/hard/libc_nano.a(lib_a-impure.o)
                0x000000002000000c                _impure_ptr
 .data.impure_data
                0x0000000020000010       0x60 /Applications/STM32CubeIDE.app/Contents/Eclipse/plugins/com.st.stm32cube.ide.mcu.externaltools.gnu-tools-for-stm32.9-2020-q2-update.macos64_1.5.0.202011040924/tools/bin/../lib/gcc/arm-none-eabi/9.3.1/../../../../arm-none-eabi/lib/thumb/v7e-m+fp/hard/libc_nano.a(lib_a-impure.o)
 .data.__fdlib_version
                0x0000000020000070        0x1 /Applications/STM32CubeIDE.app/Contents/Eclipse/plugins/com.st.stm32cube.ide.mcu.externaltools.gnu-tools-for-stm32.9-2020-q2-update.macos64_1.5.0.202011040924/tools/bin/../lib/gcc/arm-none-eabi/9.3.1/../../../../arm-none-eabi/lib/thumb/v7e-m+fp/hard/libm.a(lib_a-s_lib_ver.o)
                0x0000000020000070                __fdlib_version
 *(.RamFunc)
 *(.RamFunc*)
                0x0000000020000074                . = ALIGN (0x4)
 *fill*         0x0000000020000071        0x3 
                0x0000000020000074                _edata = .

.igot.plt       0x0000000020000074        0x0 load address 0x000000000800ffc8
 .igot.plt      0x0000000020000074        0x0 /Applications/STM32CubeIDE.app/Contents/Eclipse/plugins/com.st.stm32cube.ide.mcu.externaltools.gnu-tools-for-stm32.9-2020-q2-update.macos64_1.5.0.202011040924/tools/bin/../lib/gcc/arm-none-eabi/9.3.1/thumb/v7e-m+fp/hard/crtbegin.o
                0x0000000020000074                . = ALIGN (0x4)

.bss            0x0000000020000074      0x384 load address 0x000000000800ffc8
                0x0000000020000074                _sbss = .
                0x0000000020000074                __bss_start__ = _sbss
 *(.bss)
 .bss           0x0000000020000074       0x1c /Applications/STM32CubeIDE.app/Contents/Eclipse/plugins/com.st.stm32cube.ide.mcu.externaltools.gnu-tools-for-stm32.9-2020-q2-update.macos64_1.5.0.202011040924/tools/bin/../lib/gcc/arm-none-eabi/9.3.1/thumb/v7e-m+fp/hard/crtbegin.o
 *(.bss*)
 .bss.k         0x0000000020000090        0x4 Core/custom/engine.o
 *(COMMON)
 COMMON         0x0000000020000094       0xa8 Core/Src/adc.o
                0x0000000020000094                hadc1
                0x00000000200000dc                hdma_adc1
 COMMON         0x000000002000013c       0x58 Core/Src/spi.o
                0x000000002000013c                hspi2
 COMMON         0x0000000020000194       0xf0 Core/Src/tim.o
                0x0000000020000194                htim3
                0x00000000200001dc                hdma_tim1_ch1_ch2_ch3
                0x000000002000023c                htim1
 COMMON         0x0000000020000284       0x44 Core/Src/usart.o
                0x0000000020000284                huart2
 COMMON         0x00000000200002c8        0x4 Drivers/STM32F4xx_HAL_Driver/Src/stm32f4xx_hal.o
                0x00000000200002c8                uwTick
 COMMON         0x00000000200002cc        0x2 Drivers/custom/Src/ADC_STM32F401.o
                0x00000000200002cc                adc_0_buff
 *fill*         0x00000000200002ce        0x2 
 COMMON         0x00000000200002d0      0x128 Drivers/custom/Src/DAC_TI8164.o
                0x00000000200002d0                dac_queue_size_bytes
                0x00000000200002d4                sample_queue
                0x00000000200002d8                M1_buff
                0x0000000020000368                M0_buff
                0x00000000200003f8                . = ALIGN (0x4)
                0x00000000200003f8                _ebss = .
                0x00000000200003f8                __bss_end__ = _ebss

._user_heap_stack
                0x00000000200003f8      0x600 load address 0x000000000800ffc8
                0x00000000200003f8                . = ALIGN (0x8)
                [!provide]                        PROVIDE (end = .)
                0x00000000200003f8                PROVIDE (_end = .)
                0x00000000200005f8                . = (. + _Min_Heap_Size)
 *fill*         0x00000000200003f8      0x200 
                0x00000000200009f8                . = (. + _Min_Stack_Size)
 *fill*         0x00000000200005f8      0x400 
                0x00000000200009f8                . = ALIGN (0x8)

/DISCARD/
 libc.a(*)
 libm.a(*)
 libgcc.a(*)

.ARM.attributes
                0x0000000000000000       0x30
 *(.ARM.attributes)
 .ARM.attributes
                0x0000000000000000       0x1e /Applications/STM32CubeIDE.app/Contents/Eclipse/plugins/com.st.stm32cube.ide.mcu.externaltools.gnu-tools-for-stm32.9-2020-q2-update.macos64_1.5.0.202011040924/tools/bin/../lib/gcc/arm-none-eabi/9.3.1/thumb/v7e-m+fp/hard/crti.o
 .ARM.attributes
                0x000000000000001e       0x34 /Applications/STM32CubeIDE.app/Contents/Eclipse/plugins/com.st.stm32cube.ide.mcu.externaltools.gnu-tools-for-stm32.9-2020-q2-update.macos64_1.5.0.202011040924/tools/bin/../lib/gcc/arm-none-eabi/9.3.1/thumb/v7e-m+fp/hard/crtbegin.o
 .ARM.attributes
                0x0000000000000052       0x34 Core/Src/adc.o
 .ARM.attributes
                0x0000000000000086       0x34 Core/Src/dma.o
 .ARM.attributes
                0x00000000000000ba       0x34 Core/Src/gpio.o
 .ARM.attributes
                0x00000000000000ee       0x34 Core/Src/main.o
 .ARM.attributes
                0x0000000000000122       0x34 Core/Src/spi.o
 .ARM.attributes
                0x0000000000000156       0x34 Core/Src/stm32f4xx_hal_msp.o
 .ARM.attributes
                0x000000000000018a       0x34 Core/Src/stm32f4xx_it.o
 .ARM.attributes
                0x00000000000001be       0x34 Core/Src/system_stm32f4xx.o
 .ARM.attributes
                0x00000000000001f2       0x34 Core/Src/tim.o
 .ARM.attributes
                0x0000000000000226       0x34 Core/Src/usart.o
 .ARM.attributes
                0x000000000000025a       0x21 Core/Startup/startup_stm32f401retx.o
 .ARM.attributes
                0x000000000000027b       0x34 Core/custom/engine.o
 .ARM.attributes
                0x00000000000002af       0x34 Core/custom/utility.o
 .ARM.attributes
                0x00000000000002e3       0x34 Drivers/STM32F4xx_HAL_Driver/Src/stm32f4xx_hal.o
 .ARM.attributes
                0x0000000000000317       0x34 Drivers/STM32F4xx_HAL_Driver/Src/stm32f4xx_hal_adc.o
 .ARM.attributes
                0x000000000000034b       0x34 Drivers/STM32F4xx_HAL_Driver/Src/stm32f4xx_hal_cortex.o
 .ARM.attributes
                0x000000000000037f       0x34 Drivers/STM32F4xx_HAL_Driver/Src/stm32f4xx_hal_dma.o
 .ARM.attributes
                0x00000000000003b3       0x34 Drivers/STM32F4xx_HAL_Driver/Src/stm32f4xx_hal_dma_ex.o
 .ARM.attributes
                0x00000000000003e7       0x34 Drivers/STM32F4xx_HAL_Driver/Src/stm32f4xx_hal_gpio.o
 .ARM.attributes
                0x000000000000041b       0x34 Drivers/STM32F4xx_HAL_Driver/Src/stm32f4xx_hal_rcc.o
 .ARM.attributes
                0x000000000000044f       0x34 Drivers/STM32F4xx_HAL_Driver/Src/stm32f4xx_hal_spi.o
 .ARM.attributes
                0x0000000000000483       0x34 Drivers/STM32F4xx_HAL_Driver/Src/stm32f4xx_hal_tim.o
 .ARM.attributes
                0x00000000000004b7       0x34 Drivers/STM32F4xx_HAL_Driver/Src/stm32f4xx_hal_tim_ex.o
 .ARM.attributes
                0x00000000000004eb       0x34 Drivers/STM32F4xx_HAL_Driver/Src/stm32f4xx_hal_uart.o
 .ARM.attributes
                0x000000000000051f       0x34 Drivers/custom/Src/ADC_STM32F401.o
 .ARM.attributes
                0x0000000000000553       0x34 Drivers/custom/Src/DAC_TI8164.o
 .ARM.attributes
                0x0000000000000587       0x34 /Applications/STM32CubeIDE.app/Contents/Eclipse/plugins/com.st.stm32cube.ide.mcu.externaltools.gnu-tools-for-stm32.9-2020-q2-update.macos64_1.5.0.202011040924/tools/bin/../lib/gcc/arm-none-eabi/9.3.1/../../../../arm-none-eabi/lib/thumb/v7e-m+fp/hard/libc_nano.a(lib_a-errno.o)
 .ARM.attributes
                0x00000000000005bb       0x32 /Applications/STM32CubeIDE.app/Contents/Eclipse/plugins/com.st.stm32cube.ide.mcu.externaltools.gnu-tools-for-stm32.9-2020-q2-update.macos64_1.5.0.202011040924/tools/bin/../lib/gcc/arm-none-eabi/9.3.1/../../../../arm-none-eabi/lib/thumb/v7e-m+fp/hard/libc_nano.a(lib_a-impure.o)
 .ARM.attributes
                0x00000000000005ed       0x34 /Applications/STM32CubeIDE.app/Contents/Eclipse/plugins/com.st.stm32cube.ide.mcu.externaltools.gnu-tools-for-stm32.9-2020-q2-update.macos64_1.5.0.202011040924/tools/bin/../lib/gcc/arm-none-eabi/9.3.1/../../../../arm-none-eabi/lib/thumb/v7e-m+fp/hard/libc_nano.a(lib_a-init.o)
 .ARM.attributes
                0x0000000000000621       0x34 /Applications/STM32CubeIDE.app/Contents/Eclipse/plugins/com.st.stm32cube.ide.mcu.externaltools.gnu-tools-for-stm32.9-2020-q2-update.macos64_1.5.0.202011040924/tools/bin/../lib/gcc/arm-none-eabi/9.3.1/../../../../arm-none-eabi/lib/thumb/v7e-m+fp/hard/libc_nano.a(lib_a-memset.o)
 .ARM.attributes
                0x0000000000000655       0x34 /Applications/STM32CubeIDE.app/Contents/Eclipse/plugins/com.st.stm32cube.ide.mcu.externaltools.gnu-tools-for-stm32.9-2020-q2-update.macos64_1.5.0.202011040924/tools/bin/../lib/gcc/arm-none-eabi/9.3.1/../../../../arm-none-eabi/lib/thumb/v7e-m+fp/hard/libm.a(lib_a-wf_fmod.o)
 .ARM.attributes
                0x0000000000000689       0x34 /Applications/STM32CubeIDE.app/Contents/Eclipse/plugins/com.st.stm32cube.ide.mcu.externaltools.gnu-tools-for-stm32.9-2020-q2-update.macos64_1.5.0.202011040924/tools/bin/../lib/gcc/arm-none-eabi/9.3.1/../../../../arm-none-eabi/lib/thumb/v7e-m+fp/hard/libm.a(lib_a-ef_fmod.o)
 .ARM.attributes
                0x00000000000006bd       0x32 /Applications/STM32CubeIDE.app/Contents/Eclipse/plugins/com.st.stm32cube.ide.mcu.externaltools.gnu-tools-for-stm32.9-2020-q2-update.macos64_1.5.0.202011040924/tools/bin/../lib/gcc/arm-none-eabi/9.3.1/../../../../arm-none-eabi/lib/thumb/v7e-m+fp/hard/libm.a(lib_a-s_lib_ver.o)
 .ARM.attributes
                0x00000000000006ef       0x1e /Applications/STM32CubeIDE.app/Contents/Eclipse/plugins/com.st.stm32cube.ide.mcu.externaltools.gnu-tools-for-stm32.9-2020-q2-update.macos64_1.5.0.202011040924/tools/bin/../lib/gcc/arm-none-eabi/9.3.1/thumb/v7e-m+fp/hard/libgcc.a(_aeabi_uldivmod.o)
 .ARM.attributes
                0x000000000000070d       0x34 /Applications/STM32CubeIDE.app/Contents/Eclipse/plugins/com.st.stm32cube.ide.mcu.externaltools.gnu-tools-for-stm32.9-2020-q2-update.macos64_1.5.0.202011040924/tools/bin/../lib/gcc/arm-none-eabi/9.3.1/thumb/v7e-m+fp/hard/libgcc.a(_udivmoddi4.o)
 .ARM.attributes
                0x0000000000000741       0x1e /Applications/STM32CubeIDE.app/Contents/Eclipse/plugins/com.st.stm32cube.ide.mcu.externaltools.gnu-tools-for-stm32.9-2020-q2-update.macos64_1.5.0.202011040924/tools/bin/../lib/gcc/arm-none-eabi/9.3.1/thumb/v7e-m+fp/hard/libgcc.a(_dvmd_tls.o)
 .ARM.attributes
                0x000000000000075f       0x1e /Applications/STM32CubeIDE.app/Contents/Eclipse/plugins/com.st.stm32cube.ide.mcu.externaltools.gnu-tools-for-stm32.9-2020-q2-update.macos64_1.5.0.202011040924/tools/bin/../lib/gcc/arm-none-eabi/9.3.1/thumb/v7e-m+fp/hard/crtn.o
OUTPUT(nucleo-vclfo1.elf elf32-littlearm)
LOAD linker stubs
LOAD /Applications/STM32CubeIDE.app/Contents/Eclipse/plugins/com.st.stm32cube.ide.mcu.externaltools.gnu-tools-for-stm32.9-2020-q2-update.macos64_1.5.0.202011040924/tools/bin/../lib/gcc/arm-none-eabi/9.3.1/../../../../arm-none-eabi/lib/thumb/v7e-m+fp/hard/libc.a
LOAD /Applications/STM32CubeIDE.app/Contents/Eclipse/plugins/com.st.stm32cube.ide.mcu.externaltools.gnu-tools-for-stm32.9-2020-q2-update.macos64_1.5.0.202011040924/tools/bin/../lib/gcc/arm-none-eabi/9.3.1/../../../../arm-none-eabi/lib/thumb/v7e-m+fp/hard/libm.a
LOAD /Applications/STM32CubeIDE.app/Contents/Eclipse/plugins/com.st.stm32cube.ide.mcu.externaltools.gnu-tools-for-stm32.9-2020-q2-update.macos64_1.5.0.202011040924/tools/bin/../lib/gcc/arm-none-eabi/9.3.1/thumb/v7e-m+fp/hard/libgcc.a

.debug_info     0x0000000000000000    0x131e2
 .debug_info    0x0000000000000000      0xac4 Core/Src/adc.o
 .debug_info    0x0000000000000ac4      0x532 Core/Src/dma.o
 .debug_info    0x0000000000000ff6      0x53e Core/Src/gpio.o
 .debug_info    0x0000000000001534     0x13b3 Core/Src/main.o
 .debug_info    0x00000000000028e7      0xa9b Core/Src/spi.o
 .debug_info    0x0000000000003382      0x3c0 Core/Src/stm32f4xx_hal_msp.o
 .debug_info    0x0000000000003742      0x4cd Core/Src/stm32f4xx_it.o
 .debug_info    0x0000000000003c0f      0x5d0 Core/Src/system_stm32f4xx.o
 .debug_info    0x00000000000041df      0xdaa Core/Src/tim.o
 .debug_info    0x0000000000004f89      0xa28 Core/Src/usart.o
 .debug_info    0x00000000000059b1       0x22 Core/Startup/startup_stm32f401retx.o
 .debug_info    0x00000000000059d3      0xc35 Core/custom/engine.o
 .debug_info    0x0000000000006608      0x104 Core/custom/utility.o
 .debug_info    0x000000000000670c      0x93d Drivers/STM32F4xx_HAL_Driver/Src/stm32f4xx_hal.o
 .debug_info    0x0000000000007049      0xdb4 Drivers/STM32F4xx_HAL_Driver/Src/stm32f4xx_hal_adc.o
 .debug_info    0x0000000000007dfd      0xe41 Drivers/STM32F4xx_HAL_Driver/Src/stm32f4xx_hal_cortex.o
 .debug_info    0x0000000000008c3e      0x9e9 Drivers/STM32F4xx_HAL_Driver/Src/stm32f4xx_hal_dma.o
 .debug_info    0x0000000000009627      0x61f Drivers/STM32F4xx_HAL_Driver/Src/stm32f4xx_hal_dma_ex.o
 .debug_info    0x0000000000009c46      0x862 Drivers/STM32F4xx_HAL_Driver/Src/stm32f4xx_hal_gpio.o
 .debug_info    0x000000000000a4a8      0x9bd Drivers/STM32F4xx_HAL_Driver/Src/stm32f4xx_hal_rcc.o
 .debug_info    0x000000000000ae65     0x17b8 Drivers/STM32F4xx_HAL_Driver/Src/stm32f4xx_hal_spi.o
 .debug_info    0x000000000000c61d     0x2a88 Drivers/STM32F4xx_HAL_Driver/Src/stm32f4xx_hal_tim.o
 .debug_info    0x000000000000f0a5     0x151a Drivers/STM32F4xx_HAL_Driver/Src/stm32f4xx_hal_tim_ex.o
 .debug_info    0x00000000000105bf     0x165d Drivers/STM32F4xx_HAL_Driver/Src/stm32f4xx_hal_uart.o
 .debug_info    0x0000000000011c1c      0xa58 Drivers/custom/Src/ADC_STM32F401.o
 .debug_info    0x0000000000012674      0xb6e Drivers/custom/Src/DAC_TI8164.o

.debug_abbrev   0x0000000000000000     0x2f45
 .debug_abbrev  0x0000000000000000      0x1ce Core/Src/adc.o
 .debug_abbrev  0x00000000000001ce      0x11b Core/Src/dma.o
 .debug_abbrev  0x00000000000002e9      0x14e Core/Src/gpio.o
 .debug_abbrev  0x0000000000000437      0x20a Core/Src/main.o
 .debug_abbrev  0x0000000000000641      0x1bb Core/Src/spi.o
 .debug_abbrev  0x00000000000007fc      0x11d Core/Src/stm32f4xx_hal_msp.o
 .debug_abbrev  0x0000000000000919      0x134 Core/Src/stm32f4xx_it.o
 .debug_abbrev  0x0000000000000a4d      0x145 Core/Src/system_stm32f4xx.o
 .debug_abbrev  0x0000000000000b92      0x1fb Core/Src/tim.o
 .debug_abbrev  0x0000000000000d8d      0x1bb Core/Src/usart.o
 .debug_abbrev  0x0000000000000f48       0x12 Core/Startup/startup_stm32f401retx.o
 .debug_abbrev  0x0000000000000f5a      0x24d Core/custom/engine.o
 .debug_abbrev  0x00000000000011a7       0x9e Core/custom/utility.o
 .debug_abbrev  0x0000000000001245      0x21e Drivers/STM32F4xx_HAL_Driver/Src/stm32f4xx_hal.o
 .debug_abbrev  0x0000000000001463      0x1ef Drivers/STM32F4xx_HAL_Driver/Src/stm32f4xx_hal_adc.o
 .debug_abbrev  0x0000000000001652      0x33c Drivers/STM32F4xx_HAL_Driver/Src/stm32f4xx_hal_cortex.o
 .debug_abbrev  0x000000000000198e      0x219 Drivers/STM32F4xx_HAL_Driver/Src/stm32f4xx_hal_dma.o
 .debug_abbrev  0x0000000000001ba7      0x1a5 Drivers/STM32F4xx_HAL_Driver/Src/stm32f4xx_hal_dma_ex.o
 .debug_abbrev  0x0000000000001d4c      0x1f1 Drivers/STM32F4xx_HAL_Driver/Src/stm32f4xx_hal_gpio.o
 .debug_abbrev  0x0000000000001f3d      0x275 Drivers/STM32F4xx_HAL_Driver/Src/stm32f4xx_hal_rcc.o
 .debug_abbrev  0x00000000000021b2      0x26e Drivers/STM32F4xx_HAL_Driver/Src/stm32f4xx_hal_spi.o
 .debug_abbrev  0x0000000000002420      0x26f Drivers/STM32F4xx_HAL_Driver/Src/stm32f4xx_hal_tim.o
 .debug_abbrev  0x000000000000268f      0x277 Drivers/STM32F4xx_HAL_Driver/Src/stm32f4xx_hal_tim_ex.o
 .debug_abbrev  0x0000000000002906      0x29c Drivers/STM32F4xx_HAL_Driver/Src/stm32f4xx_hal_uart.o
 .debug_abbrev  0x0000000000002ba2      0x1c9 Drivers/custom/Src/ADC_STM32F401.o
 .debug_abbrev  0x0000000000002d6b      0x1da Drivers/custom/Src/DAC_TI8164.o

.debug_aranges  0x0000000000000000     0x1098
 .debug_aranges
                0x0000000000000000       0x30 Core/Src/adc.o
 .debug_aranges
                0x0000000000000030       0x20 Core/Src/dma.o
 .debug_aranges
                0x0000000000000050       0x20 Core/Src/gpio.o
 .debug_aranges
                0x0000000000000070       0x30 Core/Src/main.o
 .debug_aranges
                0x00000000000000a0       0x30 Core/Src/spi.o
 .debug_aranges
                0x00000000000000d0       0x20 Core/Src/stm32f4xx_hal_msp.o
 .debug_aranges
                0x00000000000000f0       0x70 Core/Src/stm32f4xx_it.o
 .debug_aranges
                0x0000000000000160       0x28 Core/Src/system_stm32f4xx.o
 .debug_aranges
                0x0000000000000188       0x40 Core/Src/tim.o
 .debug_aranges
                0x00000000000001c8       0x30 Core/Src/usart.o
 .debug_aranges
                0x00000000000001f8       0x28 Core/Startup/startup_stm32f401retx.o
 .debug_aranges
                0x0000000000000220       0x48 Core/custom/engine.o
 .debug_aranges
                0x0000000000000268       0x28 Core/custom/utility.o
 .debug_aranges
                0x0000000000000290       0xf0 Drivers/STM32F4xx_HAL_Driver/Src/stm32f4xx_hal.o
 .debug_aranges
                0x0000000000000380       0xe8 Drivers/STM32F4xx_HAL_Driver/Src/stm32f4xx_hal_adc.o
 .debug_aranges
                0x0000000000000468      0x118 Drivers/STM32F4xx_HAL_Driver/Src/stm32f4xx_hal_cortex.o
 .debug_aranges
                0x0000000000000580       0x90 Drivers/STM32F4xx_HAL_Driver/Src/stm32f4xx_hal_dma.o
 .debug_aranges
                0x0000000000000610       0x38 Drivers/STM32F4xx_HAL_Driver/Src/stm32f4xx_hal_dma_ex.o
 .debug_aranges
                0x0000000000000648       0x58 Drivers/STM32F4xx_HAL_Driver/Src/stm32f4xx_hal_gpio.o
 .debug_aranges
                0x00000000000006a0       0x88 Drivers/STM32F4xx_HAL_Driver/Src/stm32f4xx_hal_rcc.o
 .debug_aranges
                0x0000000000000728      0x1d0 Drivers/STM32F4xx_HAL_Driver/Src/stm32f4xx_hal_spi.o
 .debug_aranges
                0x00000000000008f8      0x3d0 Drivers/STM32F4xx_HAL_Driver/Src/stm32f4xx_hal_tim.o
 .debug_aranges
                0x0000000000000cc8      0x168 Drivers/STM32F4xx_HAL_Driver/Src/stm32f4xx_hal_tim_ex.o
 .debug_aranges
                0x0000000000000e30      0x200 Drivers/STM32F4xx_HAL_Driver/Src/stm32f4xx_hal_uart.o
 .debug_aranges
                0x0000000000001030       0x30 Drivers/custom/Src/ADC_STM32F401.o
 .debug_aranges
                0x0000000000001060       0x38 Drivers/custom/Src/DAC_TI8164.o

.debug_ranges   0x0000000000000000      0xf30
 .debug_ranges  0x0000000000000000       0x20 Core/Src/adc.o
 .debug_ranges  0x0000000000000020       0x10 Core/Src/dma.o
 .debug_ranges  0x0000000000000030       0x10 Core/Src/gpio.o
 .debug_ranges  0x0000000000000040       0x20 Core/Src/main.o
 .debug_ranges  0x0000000000000060       0x20 Core/Src/spi.o
 .debug_ranges  0x0000000000000080       0x10 Core/Src/stm32f4xx_hal_msp.o
 .debug_ranges  0x0000000000000090       0x60 Core/Src/stm32f4xx_it.o
 .debug_ranges  0x00000000000000f0       0x18 Core/Src/system_stm32f4xx.o
 .debug_ranges  0x0000000000000108       0x30 Core/Src/tim.o
 .debug_ranges  0x0000000000000138       0x20 Core/Src/usart.o
 .debug_ranges  0x0000000000000158       0x20 Core/Startup/startup_stm32f401retx.o
 .debug_ranges  0x0000000000000178       0x38 Core/custom/engine.o
 .debug_ranges  0x00000000000001b0       0x18 Core/custom/utility.o
 .debug_ranges  0x00000000000001c8       0xe0 Drivers/STM32F4xx_HAL_Driver/Src/stm32f4xx_hal.o
 .debug_ranges  0x00000000000002a8       0xd8 Drivers/STM32F4xx_HAL_Driver/Src/stm32f4xx_hal_adc.o
 .debug_ranges  0x0000000000000380      0x108 Drivers/STM32F4xx_HAL_Driver/Src/stm32f4xx_hal_cortex.o
 .debug_ranges  0x0000000000000488       0x80 Drivers/STM32F4xx_HAL_Driver/Src/stm32f4xx_hal_dma.o
 .debug_ranges  0x0000000000000508       0x28 Drivers/STM32F4xx_HAL_Driver/Src/stm32f4xx_hal_dma_ex.o
 .debug_ranges  0x0000000000000530       0x48 Drivers/STM32F4xx_HAL_Driver/Src/stm32f4xx_hal_gpio.o
 .debug_ranges  0x0000000000000578       0x78 Drivers/STM32F4xx_HAL_Driver/Src/stm32f4xx_hal_rcc.o
 .debug_ranges  0x00000000000005f0      0x1c0 Drivers/STM32F4xx_HAL_Driver/Src/stm32f4xx_hal_spi.o
 .debug_ranges  0x00000000000007b0      0x3c0 Drivers/STM32F4xx_HAL_Driver/Src/stm32f4xx_hal_tim.o
 .debug_ranges  0x0000000000000b70      0x158 Drivers/STM32F4xx_HAL_Driver/Src/stm32f4xx_hal_tim_ex.o
 .debug_ranges  0x0000000000000cc8      0x220 Drivers/STM32F4xx_HAL_Driver/Src/stm32f4xx_hal_uart.o
 .debug_ranges  0x0000000000000ee8       0x20 Drivers/custom/Src/ADC_STM32F401.o
 .debug_ranges  0x0000000000000f08       0x28 Drivers/custom/Src/DAC_TI8164.o

.debug_macro    0x0000000000000000    0x18453
 .debug_macro   0x0000000000000000      0x219 Core/Src/adc.o
 .debug_macro   0x0000000000000219      0xaa8 Core/Src/adc.o
 .debug_macro   0x0000000000000cc1      0x2a7 Core/Src/adc.o
 .debug_macro   0x0000000000000f68       0x2e Core/Src/adc.o
 .debug_macro   0x0000000000000f96       0x28 Core/Src/adc.o
 .debug_macro   0x0000000000000fbe       0x22 Core/Src/adc.o
 .debug_macro   0x0000000000000fe0       0x8e Core/Src/adc.o
 .debug_macro   0x000000000000106e       0x51 Core/Src/adc.o
 .debug_macro   0x00000000000010bf      0x103 Core/Src/adc.o
 .debug_macro   0x00000000000011c2       0x6a Core/Src/adc.o
 .debug_macro   0x000000000000122c      0x1df Core/Src/adc.o
 .debug_macro   0x000000000000140b       0x1c Core/Src/adc.o
 .debug_macro   0x0000000000001427       0x22 Core/Src/adc.o
 .debug_macro   0x0000000000001449       0xdf Core/Src/adc.o
 .debug_macro   0x0000000000001528     0x102d Core/Src/adc.o
 .debug_macro   0x0000000000002555      0x11f Core/Src/adc.o
 .debug_macro   0x0000000000002674     0xb850 Core/Src/adc.o
 .debug_macro   0x000000000000dec4       0x43 Core/Src/adc.o
 .debug_macro   0x000000000000df07     0x3659 Core/Src/adc.o
 .debug_macro   0x0000000000011560      0x174 Core/Src/adc.o
 .debug_macro   0x00000000000116d4       0x5c Core/Src/adc.o
 .debug_macro   0x0000000000011730      0x416 Core/Src/adc.o
 .debug_macro   0x0000000000011b46      0x9fe Core/Src/adc.o
 .debug_macro   0x0000000000012544      0x117 Core/Src/adc.o
 .debug_macro   0x000000000001265b       0xf8 Core/Src/adc.o
 .debug_macro   0x0000000000012753       0x82 Core/Src/adc.o
 .debug_macro   0x00000000000127d5      0x15f Core/Src/adc.o
 .debug_macro   0x0000000000012934      0x287 Core/Src/adc.o
 .debug_macro   0x0000000000012bbb       0x5f Core/Src/adc.o
 .debug_macro   0x0000000000012c1a      0x236 Core/Src/adc.o
 .debug_macro   0x0000000000012e50      0x9e1 Core/Src/adc.o
 .debug_macro   0x0000000000013831      0x38b Core/Src/adc.o
 .debug_macro   0x0000000000013bbc      0x176 Core/Src/adc.o
 .debug_macro   0x0000000000013d32       0xf9 Core/Src/adc.o
 .debug_macro   0x0000000000013e2b      0x132 Core/Src/adc.o
 .debug_macro   0x0000000000013f5d      0x264 Core/Src/adc.o
 .debug_macro   0x00000000000141c1       0x2e Core/Src/adc.o
 .debug_macro   0x00000000000141ef      0x11a Core/Src/adc.o
 .debug_macro   0x0000000000014309       0x85 Core/Src/adc.o
 .debug_macro   0x000000000001438e       0x89 Core/Src/adc.o
 .debug_macro   0x0000000000014417      0x225 Core/Src/adc.o
 .debug_macro   0x000000000001463c      0x8d1 Core/Src/adc.o
 .debug_macro   0x0000000000014f0d       0x47 Core/Src/adc.o
 .debug_macro   0x0000000000014f54      0x295 Core/Src/adc.o
 .debug_macro   0x00000000000151e9      0x126 Core/Src/adc.o
 .debug_macro   0x000000000001530f       0x5e Core/Src/adc.o
 .debug_macro   0x000000000001536d      0x219 Core/Src/dma.o
 .debug_macro   0x0000000000015586      0x219 Core/Src/gpio.o
 .debug_macro   0x000000000001579f      0x270 Core/Src/main.o
 .debug_macro   0x0000000000015a0f       0x2e Core/Src/main.o
 .debug_macro   0x0000000000015a3d      0x219 Core/Src/spi.o
 .debug_macro   0x0000000000015c56      0x20f Core/Src/stm32f4xx_hal_msp.o
 .debug_macro   0x0000000000015e65      0x219 Core/Src/stm32f4xx_it.o
 .debug_macro   0x000000000001607e      0x200 Core/Src/system_stm32f4xx.o
 .debug_macro   0x000000000001627e      0x219 Core/Src/tim.o
 .debug_macro   0x0000000000016497      0x219 Core/Src/usart.o
 .debug_macro   0x00000000000166b0       0xf9 Core/custom/engine.o
 .debug_macro   0x00000000000167a9      0x1a9 Core/custom/engine.o
 .debug_macro   0x0000000000016952       0x1b Core/custom/utility.o
 .debug_macro   0x000000000001696d      0x260 Drivers/STM32F4xx_HAL_Driver/Src/stm32f4xx_hal.o
 .debug_macro   0x0000000000016bcd      0x201 Drivers/STM32F4xx_HAL_Driver/Src/stm32f4xx_hal_adc.o
 .debug_macro   0x0000000000016dce      0x200 Drivers/STM32F4xx_HAL_Driver/Src/stm32f4xx_hal_cortex.o
 .debug_macro   0x0000000000016fce      0x206 Drivers/STM32F4xx_HAL_Driver/Src/stm32f4xx_hal_dma.o
 .debug_macro   0x00000000000171d4      0x200 Drivers/STM32F4xx_HAL_Driver/Src/stm32f4xx_hal_dma_ex.o
 .debug_macro   0x00000000000173d4      0x206 Drivers/STM32F4xx_HAL_Driver/Src/stm32f4xx_hal_gpio.o
 .debug_macro   0x00000000000175da      0x224 Drivers/STM32F4xx_HAL_Driver/Src/stm32f4xx_hal_rcc.o
 .debug_macro   0x00000000000177fe      0x20f Drivers/STM32F4xx_HAL_Driver/Src/stm32f4xx_hal_spi.o
 .debug_macro   0x0000000000017a0d      0x201 Drivers/STM32F4xx_HAL_Driver/Src/stm32f4xx_hal_tim.o
 .debug_macro   0x0000000000017c0e      0x200 Drivers/STM32F4xx_HAL_Driver/Src/stm32f4xx_hal_tim_ex.o
 .debug_macro   0x0000000000017e0e      0x201 Drivers/STM32F4xx_HAL_Driver/Src/stm32f4xx_hal_uart.o
 .debug_macro   0x000000000001800f      0x21f Drivers/custom/Src/ADC_STM32F401.o
 .debug_macro   0x000000000001822e      0x225 Drivers/custom/Src/DAC_TI8164.o

.debug_line     0x0000000000000000    0x152c1
 .debug_line    0x0000000000000000      0x7fb Core/Src/adc.o
 .debug_line    0x00000000000007fb      0x752 Core/Src/dma.o
 .debug_line    0x0000000000000f4d      0x76e Core/Src/gpio.o
 .debug_line    0x00000000000016bb      0x8ba Core/Src/main.o
 .debug_line    0x0000000000001f75      0x7d8 Core/Src/spi.o
 .debug_line    0x000000000000274d      0x756 Core/Src/stm32f4xx_hal_msp.o
 .debug_line    0x0000000000002ea3      0x847 Core/Src/stm32f4xx_it.o
 .debug_line    0x00000000000036ea      0x7d6 Core/Src/system_stm32f4xx.o
 .debug_line    0x0000000000003ec0      0x92b Core/Src/tim.o
 .debug_line    0x00000000000047eb      0x7be Core/Src/usart.o
 .debug_line    0x0000000000004fa9       0x88 Core/Startup/startup_stm32f401retx.o
 .debug_line    0x0000000000005031      0x65f Core/custom/engine.o
 .debug_line    0x0000000000005690       0xba Core/custom/utility.o
 .debug_line    0x000000000000574a      0xa3c Drivers/STM32F4xx_HAL_Driver/Src/stm32f4xx_hal.o
 .debug_line    0x0000000000006186     0x11fa Drivers/STM32F4xx_HAL_Driver/Src/stm32f4xx_hal_adc.o
 .debug_line    0x0000000000007380      0xceb Drivers/STM32F4xx_HAL_Driver/Src/stm32f4xx_hal_cortex.o
 .debug_line    0x000000000000806b      0xfa5 Drivers/STM32F4xx_HAL_Driver/Src/stm32f4xx_hal_dma.o
 .debug_line    0x0000000000009010     0x13cf Drivers/STM32F4xx_HAL_Driver/Src/stm32f4xx_hal_dma_ex.o
 .debug_line    0x000000000000a3df      0xb78 Drivers/STM32F4xx_HAL_Driver/Src/stm32f4xx_hal_gpio.o
 .debug_line    0x000000000000af57      0xdb8 Drivers/STM32F4xx_HAL_Driver/Src/stm32f4xx_hal_rcc.o
 .debug_line    0x000000000000bd0f     0x1cc4 Drivers/STM32F4xx_HAL_Driver/Src/stm32f4xx_hal_spi.o
 .debug_line    0x000000000000d9d3     0x3442 Drivers/STM32F4xx_HAL_Driver/Src/stm32f4xx_hal_tim.o
 .debug_line    0x0000000000010e15     0x19a4 Drivers/STM32F4xx_HAL_Driver/Src/stm32f4xx_hal_tim_ex.o
 .debug_line    0x00000000000127b9     0x1b02 Drivers/STM32F4xx_HAL_Driver/Src/stm32f4xx_hal_uart.o
 .debug_line    0x00000000000142bb      0x7c3 Drivers/custom/Src/ADC_STM32F401.o
 .debug_line    0x0000000000014a7e      0x843 Drivers/custom/Src/DAC_TI8164.o

.debug_str      0x0000000000000000    0x9a585
 .debug_str     0x0000000000000000    0x928ac Core/Src/adc.o
                                      0x92bb1 (size before relaxing)
 .debug_str     0x00000000000928ac      0x3ab Core/Src/dma.o
                                      0x92a54 (size before relaxing)
 .debug_str     0x0000000000092c57       0x48 Core/Src/gpio.o
                                      0x92768 (size before relaxing)
 .debug_str     0x0000000000092c9f      0x803 Core/Src/main.o
                                      0x93380 (size before relaxing)
 .debug_str     0x00000000000934a2       0x4b Core/Src/spi.o
                                      0x92bc5 (size before relaxing)
 .debug_str     0x00000000000934ed       0x2c Core/Src/stm32f4xx_hal_msp.o
                                      0x926cb (size before relaxing)
 .debug_str     0x0000000000093519       0xed Core/Src/stm32f4xx_it.o
                                      0x928e3 (size before relaxing)
 .debug_str     0x0000000000093606       0xaf Core/Src/system_stm32f4xx.o
                                      0x92601 (size before relaxing)
 .debug_str     0x00000000000936b5      0x20c Core/Src/tim.o
                                      0x92ed2 (size before relaxing)
 .debug_str     0x00000000000938c1       0x57 Core/Src/usart.o
                                      0x92bcd (size before relaxing)
 .debug_str     0x0000000000093918       0x36 Core/Startup/startup_stm32f401retx.o
                                         0x81 (size before relaxing)
 .debug_str     0x000000000009394e     0x39dd Core/custom/engine.o
                                       0x6ffa (size before relaxing)
 .debug_str     0x000000000009732b       0x59 Core/custom/utility.o
                                       0x2e35 (size before relaxing)
 .debug_str     0x0000000000097384      0x583 Drivers/STM32F4xx_HAL_Driver/Src/stm32f4xx_hal.o
                                      0x92f81 (size before relaxing)
 .debug_str     0x0000000000097907      0x2a2 Drivers/STM32F4xx_HAL_Driver/Src/stm32f4xx_hal_adc.o
                                      0x92b9b (size before relaxing)
 .debug_str     0x0000000000097ba9      0x392 Drivers/STM32F4xx_HAL_Driver/Src/stm32f4xx_hal_cortex.o
                                      0x92d5e (size before relaxing)
 .debug_str     0x0000000000097f3b      0x310 Drivers/STM32F4xx_HAL_Driver/Src/stm32f4xx_hal_dma.o
                                      0x92a19 (size before relaxing)
 .debug_str     0x000000000009824b      0x104 Drivers/STM32F4xx_HAL_Driver/Src/stm32f4xx_hal_dma_ex.o
                                      0x92801 (size before relaxing)
 .debug_str     0x000000000009834f      0x15f Drivers/STM32F4xx_HAL_Driver/Src/stm32f4xx_hal_gpio.o
                                      0x927a8 (size before relaxing)
 .debug_str     0x00000000000984ae      0x259 Drivers/STM32F4xx_HAL_Driver/Src/stm32f4xx_hal_rcc.o
                                      0x92a03 (size before relaxing)
 .debug_str     0x0000000000098707      0x579 Drivers/STM32F4xx_HAL_Driver/Src/stm32f4xx_hal_spi.o
                                      0x92e93 (size before relaxing)
 .debug_str     0x0000000000098c80      0xd7d Drivers/STM32F4xx_HAL_Driver/Src/stm32f4xx_hal_tim.o
                                      0x93917 (size before relaxing)
 .debug_str     0x00000000000999fd      0x45a Drivers/STM32F4xx_HAL_Driver/Src/stm32f4xx_hal_tim_ex.o
                                      0x930c8 (size before relaxing)
 .debug_str     0x0000000000099e57      0x5e4 Drivers/STM32F4xx_HAL_Driver/Src/stm32f4xx_hal_uart.o
                                      0x92f53 (size before relaxing)
 .debug_str     0x000000000009a43b       0x4f Drivers/custom/Src/ADC_STM32F401.o
                                      0x92ccf (size before relaxing)
 .debug_str     0x000000000009a48a       0xfb Drivers/custom/Src/DAC_TI8164.o
                                      0x92e6e (size before relaxing)

.comment        0x0000000000000000       0x53
 .comment       0x0000000000000000       0x53 Core/Src/adc.o
                                         0x54 (size before relaxing)
 .comment       0x0000000000000053       0x54 Core/Src/dma.o
 .comment       0x0000000000000053       0x54 Core/Src/gpio.o
 .comment       0x0000000000000053       0x54 Core/Src/main.o
 .comment       0x0000000000000053       0x54 Core/Src/spi.o
 .comment       0x0000000000000053       0x54 Core/Src/stm32f4xx_hal_msp.o
 .comment       0x0000000000000053       0x54 Core/Src/stm32f4xx_it.o
 .comment       0x0000000000000053       0x54 Core/Src/system_stm32f4xx.o
 .comment       0x0000000000000053       0x54 Core/Src/tim.o
 .comment       0x0000000000000053       0x54 Core/Src/usart.o
 .comment       0x0000000000000053       0x54 Core/custom/engine.o
 .comment       0x0000000000000053       0x54 Core/custom/utility.o
 .comment       0x0000000000000053       0x54 Drivers/STM32F4xx_HAL_Driver/Src/stm32f4xx_hal.o
 .comment       0x0000000000000053       0x54 Drivers/STM32F4xx_HAL_Driver/Src/stm32f4xx_hal_adc.o
 .comment       0x0000000000000053       0x54 Drivers/STM32F4xx_HAL_Driver/Src/stm32f4xx_hal_cortex.o
 .comment       0x0000000000000053       0x54 Drivers/STM32F4xx_HAL_Driver/Src/stm32f4xx_hal_dma.o
 .comment       0x0000000000000053       0x54 Drivers/STM32F4xx_HAL_Driver/Src/stm32f4xx_hal_dma_ex.o
 .comment       0x0000000000000053       0x54 Drivers/STM32F4xx_HAL_Driver/Src/stm32f4xx_hal_gpio.o
 .comment       0x0000000000000053       0x54 Drivers/STM32F4xx_HAL_Driver/Src/stm32f4xx_hal_rcc.o
 .comment       0x0000000000000053       0x54 Drivers/STM32F4xx_HAL_Driver/Src/stm32f4xx_hal_spi.o
 .comment       0x0000000000000053       0x54 Drivers/STM32F4xx_HAL_Driver/Src/stm32f4xx_hal_tim.o
 .comment       0x0000000000000053       0x54 Drivers/STM32F4xx_HAL_Driver/Src/stm32f4xx_hal_tim_ex.o
 .comment       0x0000000000000053       0x54 Drivers/STM32F4xx_HAL_Driver/Src/stm32f4xx_hal_uart.o
 .comment       0x0000000000000053       0x54 Drivers/custom/Src/ADC_STM32F401.o
 .comment       0x0000000000000053       0x54 Drivers/custom/Src/DAC_TI8164.o

.debug_frame    0x0000000000000000     0x43fc
 .debug_frame   0x0000000000000000       0x7c Core/Src/adc.o
 .debug_frame   0x000000000000007c       0x34 Core/Src/dma.o
 .debug_frame   0x00000000000000b0       0x34 Core/Src/gpio.o
 .debug_frame   0x00000000000000e4       0x6c Core/Src/main.o
 .debug_frame   0x0000000000000150       0x74 Core/Src/spi.o
 .debug_frame   0x00000000000001c4       0x34 Core/Src/stm32f4xx_hal_msp.o
 .debug_frame   0x00000000000001f8      0x13c Core/Src/stm32f4xx_it.o
 .debug_frame   0x0000000000000334       0x58 Core/Src/system_stm32f4xx.o
 .debug_frame   0x000000000000038c       0xc4 Core/Src/tim.o
 .debug_frame   0x0000000000000450       0x74 Core/Src/usart.o
 .debug_frame   0x00000000000004c4      0x100 Core/custom/engine.o
 .debug_frame   0x00000000000005c4       0x5c Core/custom/utility.o
 .debug_frame   0x0000000000000620      0x374 Drivers/STM32F4xx_HAL_Driver/Src/stm32f4xx_hal.o
 .debug_frame   0x0000000000000994      0x3fc Drivers/STM32F4xx_HAL_Driver/Src/stm32f4xx_hal_adc.o
 .debug_frame   0x0000000000000d90      0x498 Drivers/STM32F4xx_HAL_Driver/Src/stm32f4xx_hal_cortex.o
 .debug_frame   0x0000000000001228      0x250 Drivers/STM32F4xx_HAL_Driver/Src/stm32f4xx_hal_dma.o
 .debug_frame   0x0000000000001478       0xac Drivers/STM32F4xx_HAL_Driver/Src/stm32f4xx_hal_dma_ex.o
 .debug_frame   0x0000000000001524      0x14c Drivers/STM32F4xx_HAL_Driver/Src/stm32f4xx_hal_gpio.o
 .debug_frame   0x0000000000001670      0x1f0 Drivers/STM32F4xx_HAL_Driver/Src/stm32f4xx_hal_rcc.o
 .debug_frame   0x0000000000001860      0x824 Drivers/STM32F4xx_HAL_Driver/Src/stm32f4xx_hal_spi.o
 .debug_frame   0x0000000000002084     0x11bc Drivers/STM32F4xx_HAL_Driver/Src/stm32f4xx_hal_tim.o
 .debug_frame   0x0000000000003240      0x638 Drivers/STM32F4xx_HAL_Driver/Src/stm32f4xx_hal_tim_ex.o
 .debug_frame   0x0000000000003878      0x924 Drivers/STM32F4xx_HAL_Driver/Src/stm32f4xx_hal_uart.o
 .debug_frame   0x000000000000419c       0x7c Drivers/custom/Src/ADC_STM32F401.o
 .debug_frame   0x0000000000004218       0xb0 Drivers/custom/Src/DAC_TI8164.o
 .debug_frame   0x00000000000042c8       0x20 /Applications/STM32CubeIDE.app/Contents/Eclipse/plugins/com.st.stm32cube.ide.mcu.externaltools.gnu-tools-for-stm32.9-2020-q2-update.macos64_1.5.0.202011040924/tools/bin/../lib/gcc/arm-none-eabi/9.3.1/../../../../arm-none-eabi/lib/thumb/v7e-m+fp/hard/libc_nano.a(lib_a-errno.o)
 .debug_frame   0x00000000000042e8       0x2c /Applications/STM32CubeIDE.app/Contents/Eclipse/plugins/com.st.stm32cube.ide.mcu.externaltools.gnu-tools-for-stm32.9-2020-q2-update.macos64_1.5.0.202011040924/tools/bin/../lib/gcc/arm-none-eabi/9.3.1/../../../../arm-none-eabi/lib/thumb/v7e-m+fp/hard/libc_nano.a(lib_a-init.o)
 .debug_frame   0x0000000000004314       0x20 /Applications/STM32CubeIDE.app/Contents/Eclipse/plugins/com.st.stm32cube.ide.mcu.externaltools.gnu-tools-for-stm32.9-2020-q2-update.macos64_1.5.0.202011040924/tools/bin/../lib/gcc/arm-none-eabi/9.3.1/../../../../arm-none-eabi/lib/thumb/v7e-m+fp/hard/libc_nano.a(lib_a-memset.o)
 .debug_frame   0x0000000000004334       0x38 /Applications/STM32CubeIDE.app/Contents/Eclipse/plugins/com.st.stm32cube.ide.mcu.externaltools.gnu-tools-for-stm32.9-2020-q2-update.macos64_1.5.0.202011040924/tools/bin/../lib/gcc/arm-none-eabi/9.3.1/../../../../arm-none-eabi/lib/thumb/v7e-m+fp/hard/libm.a(lib_a-wf_fmod.o)
 .debug_frame   0x000000000000436c       0x30 /Applications/STM32CubeIDE.app/Contents/Eclipse/plugins/com.st.stm32cube.ide.mcu.externaltools.gnu-tools-for-stm32.9-2020-q2-update.macos64_1.5.0.202011040924/tools/bin/../lib/gcc/arm-none-eabi/9.3.1/../../../../arm-none-eabi/lib/thumb/v7e-m+fp/hard/libm.a(lib_a-ef_fmod.o)
 .debug_frame   0x000000000000439c       0x2c /Applications/STM32CubeIDE.app/Contents/Eclipse/plugins/com.st.stm32cube.ide.mcu.externaltools.gnu-tools-for-stm32.9-2020-q2-update.macos64_1.5.0.202011040924/tools/bin/../lib/gcc/arm-none-eabi/9.3.1/thumb/v7e-m+fp/hard/libgcc.a(_aeabi_uldivmod.o)
 .debug_frame   0x00000000000043c8       0x34 /Applications/STM32CubeIDE.app/Contents/Eclipse/plugins/com.st.stm32cube.ide.mcu.externaltools.gnu-tools-for-stm32.9-2020-q2-update.macos64_1.5.0.202011040924/tools/bin/../lib/gcc/arm-none-eabi/9.3.1/thumb/v7e-m+fp/hard/libgcc.a(_udivmoddi4.o)
